01-25 11:32:17.704 0-925/? I/lowmemorykiller: No kernel memory.pressure_level support (errno=2)
01-25 11:32:14.090 923-923/? I/auditd: type=2000 audit(0.0:1): initialized
01-25 11:32:14.140 923-923/? I/auditd: type=1403 audit(0.0:2oadpolicy loaded auid=4294967295 ses=4294967295
01-25 11:32:14.140 923-923/? I/auditd: type=1404 audit(0.0:3g=1enforcing=1 old_enforcing=0 auid=4294967295 ses=4294967295
01-25 11:32:16.770 923-923/? I/auditd: type=1403 audit(0.0:4oadpolicy loaded auid=4294967295 ses=4294967295
01-25 11:32:16.830 924-924/? I/auditd: type=1400 audit(0.0:5nieavc:  denied  { 0x10 } for  commd" ealthd" capability=36  scontext=u:r:healthd:s0 tcontext=u:r:healthd:s0 tclass=capability2
01-25 11:32:17.704 0-925/? E/lowmemorykiller: Kernel does not support memory pressure events or in-kernel low memory killer
01-25 11:32:17.705 0-928/? I/qemu-props: connected to 'boot-properties' qemud service.
01-25 11:32:17.722 0-928/? I/qemu-props: receiving..
01-25 11:32:17.723 0-928/? I/qemu-props: received: dalvik.vm.heapsize=64m
01-25 11:32:17.723 0-928/? I/qemu-props: receiving..
01-25 11:32:17.723 0-928/? I/qemu-props: received: qemu.sf.lcd_density=480
01-25 11:32:17.724 0-928/? I/qemu-props: receiving..
01-25 11:32:17.724 0-928/? I/qemu-props: received: qemu.hw.mainkeys=0
01-25 11:32:17.724 0-928/? I/qemu-props: receiving..
01-25 11:32:17.724 0-928/? I/qemu-props: received: qemu.sf.fake_camera=none
01-25 11:32:17.724 0-928/? I/qemu-props: receiving..
01-25 11:32:17.725 0-928/? I/qemu-props: received: ro.opengles.version=131072
01-25 11:32:17.725 0-928/? I/qemu-props: receiving..
01-25 11:32:17.725 0-928/? I/qemu-props: exiting (5 properties set).
01-25 11:32:17.840 924-924/? I/auditd: type=1400 audit(0.0:6nieavc:  denied  { 0x10 } for  commd" ealthd" capabilityxt=u:r:healthd:s0 tcontext=u:r:health=u:r:healthd:s0 tclass=capability2
01-25 11:32:18.473 0-939/? I/installd: installd firing up
01-25 11:32:18.748 0-933/? I/DEBUG: debuggerd: Jun 21 2014 00:55:21
01-25 11:32:19.466 932-932/? I/Netd: Netd 1.0 starting
01-25 11:32:19.467 932-932/? W/InterfaceController: Warning (dlopen failed: library "libnetcmdiface.so" not found) while opening the net interface command library
01-25 11:32:19.467 932-932/? E/Netd: Failed to open /proc/sys/net/ipv6/conf/default/accept_ra_rt_table: No such file or directory
01-25 11:32:19.467 932-932/? E/Netd: Failed to open /proc/sys/net/ipv6/conf/eth0/accept_ra_rt_table: No such file or directory
01-25 11:32:19.467 932-932/? E/Netd: Failed to open /proc/sys/net/ipv6/conf/lo/accept_ra_rt_table: No such file or directory
01-25 11:32:19.467 932-932/? E/Netd: Failed to open /proc/sys/net/ipv6/conf/sit0/accept_ra_rt_table: No such file or directory
01-25 11:32:19.709 927-927/? I/Vold: Vold 2.1 (the revenge) firing up
01-25 11:32:19.710 927-927/? D/Vold: Volume sdcard state changing -1 (Initializing) -> 0 (No-Media)
01-25 11:32:19.758 927-961/? D/Vold: Volume sdcard state changing 0 (No-Media) -> 1 (Idle-Unmounted)
01-25 11:32:21.033 936-936/? I/InputFlinger: InputFlinger is starting
01-25 11:32:22.109 932-932/? V/NatController: runCmd(/system/bin/iptables -F natctrl_FORWARD) res=0
01-25 11:32:22.141 932-932/? V/NatController: runCmd(/system/bin/iptables -A natctrl_FORWARD -j DROP) res=0
01-25 11:32:22.152 932-932/? V/NatController: runCmd(/system/bin/iptables -t nat -F natctrl_nat_POSTROUTING) res=0
01-25 11:32:22.153 1162-1162/? E/logwrapper: executing /system/bin/ip failed: No such file or directory
01-25 11:32:22.153 932-932/? V/NatController: runCmd(/system/bin/ip rule flush) res=255
01-25 11:32:22.153 1163-1163/? E/logwrapper: executing /system/bin/ip failed: No such file or directory
01-25 11:32:22.176 932-932/? V/NatController: runCmd(/system/bin/ip -6 rule flush) res=255
01-25 11:32:22.177 1164-1164/? E/logwrapper: executing /system/bin/ip failed: No such file or directory
01-25 11:32:22.182 932-932/? V/NatController: runCmd(/system/bin/ip rule add from all lookup default prio 32767) res=255
01-25 11:32:22.183 1165-1165/? E/logwrapper: executing /system/bin/ip failed: No such file or directory
01-25 11:32:22.183 932-932/? V/NatController: runCmd(/system/bin/ip rule add from all lookup main prio 32766) res=255
01-25 11:32:22.183 1166-1166/? E/logwrapper: executing /system/bin/ip failed: No such file or directory
01-25 11:32:22.210 932-932/? V/NatController: runCmd(/system/bin/ip -6 rule add from all lookup default prio 32767) res=255
01-25 11:32:22.210 1167-1167/? E/logwrapper: executing /system/bin/ip failed: No such file or directory
01-25 11:32:22.224 935-935/? I/SurfaceFlinger: SurfaceFlinger is starting
01-25 11:32:22.224 935-935/? I/SurfaceFlinger: SurfaceFlinger's main thread ready to run. Initializing graphics H/W...
01-25 11:32:22.240 932-932/? V/NatController: runCmd(/system/bin/ip -6 rule add from all lookup main prio 32766) res=255
01-25 11:32:22.240 1171-1171/? E/logwrapper: executing /system/bin/ip failed: No such file or directory
01-25 11:32:22.252 932-932/? V/NatController: runCmd(/system/bin/ip route flush cache) res=255
01-25 11:32:22.253 932-932/? V/NatController: runCmd(/system/bin/iptables -F natctrl_tether_counters) res=1
01-25 11:32:22.274 932-932/? V/NatController: runCmd(/system/bin/iptables -X natctrl_tether_counters) res=1
01-25 11:32:22.295 932-932/? V/NatController: runCmd(/system/bin/iptables -N natctrl_tether_counters) res=0
01-25 11:32:22.830 1221-1221/? I/auditd: type=1400 audit(0.0:7nieavc:  denied  { module_request } for  comm="iptables" kmod="ipt_owner" scontext=u:r:netd:s0 tcontext=u:r:kernel:s0 tclass=system
01-25 11:32:22.830 1221-1221/? I/auditd: type=1400 audit(0.0:8nieavc:  denied  { module_request } for  comm="iptables" kmod="ipt_owner" scontext=u:r:netd:s0 tcontext=u:r:kernel:s0 tclass=system
01-25 11:32:22.830 1221-1221/? I/auditd: type=1400 audit(0.0:9nieavc:  denied  { module_request } for  comm="iptables_owner" scontext=u:r:netd:s0 tcontexts0 tcontext=u:r:kernel:s0 tclass=system
01-25 11:32:22.833 932-932/? I/iptables: iptables: No chain/target/match by that name.
01-25 11:32:22.834 932-932/? I/iptables: iptables terminated by exit(1)
01-25 11:32:22.834 932-932/? E/BandwidthController: runIptablesCmd(): res=1 status=256 failed /system/bin/iptables -A bw_INPUT -m owner --socket-exists
01-25 11:32:22.840 1222-1222/? I/auditd: type=1400 audit(0.0:1eni avc:  denied  { module_request } for  comm="ip6tables" kmod="ip6t_owner" scontext=utconttd:s0 tcontext=u:r:kernel:s0 tclass=system
01-25 11:32:22.840 1222-1222/? I/auditd: type=1400 audit(0.0:1eni avc:  denied  { module_request } for  comm="ip6tables" kmod="ip6t_owner" scontext=utconttd:s0 tcontext=u:r:kernel:s0 tclass=system
01-25 11:32:22.840 1222-1222/? I/auditd: type=1400 audit(0.0:1eni avc:  denied  { module_request } for  comm="ip6tables" kmod="ip6t_owner" scontext=u:r:netd:s0 tcontext=u:r:kernel:s0 tclass=system
01-25 11:32:22.850 932-932/? I/ip6tables: ip6tables: No chain/target/match by that name.
01-25 11:32:22.852 932-932/? I/ip6tables: ip6tables terminated by exit(1)
01-25 11:32:22.852 932-932/? E/BandwidthController: runIptablesCmd(): res=1 status=256 failed /system/bin/ip6tables -A bw_INPUT -m owner --socket-exists
01-25 11:32:22.870 1225-1225/? I/auditd: type=1400 audit(0.0:1eni avc:  denied  { module_request } for  comm="iptables" kmod="ipt_mar=u:r:netd:s0 tcontexts0 tcontext=u:r:kernel:s0 tclass=system
01-25 11:32:22.870 1225-1225/? I/auditd: type=1400 audit(0.0:1eni avc:  denied  { module_request } for  comm="iptables" kmod="ipt_mar=u:r:netd:s0 tcontexts0 tcontext=u:r:kernel:s0 tclass=system
01-25 11:32:22.870 1225-1225/? I/auditd: type=1400 audit(0.0:1eni avc:  denied  { module_request } for  comm="iptables" kmod="ipt_mark" scontext=u:r:ntexts0 tcontext=u:r:kernel:s0 tclass=system
01-25 11:32:22.876 932-932/? I/iptables: iptables: No chain/target/match by that name.
01-25 11:32:22.880 1226-1226/? I/auditd: type=1400 audit(0.0:1eni avc:  denied  { module_request } for  comm="ip6tablp6t_mark" scontext=u:r:netd:s0 tconted:s0 tcontext=u:r:kernel:s0 tclass=system
01-25 11:32:22.880 1226-1226/? I/auditd: type=1400 audit(0.0:1eni avc:  denied  { module_request } for  comm="ip6tablp6t_mark" scontext=u:r:netd:s0 tconted:s0 tcontext=u:r:kernel:s0 tclass=system
01-25 11:32:22.880 1226-1226/? I/auditd: type=1400 audit(0.0:1eni avc:  denied  { module_request } for  comm="ip6tables" kmod="ip6t_mxt=u:r:netd:s0 tconted:s0 tcontext=u:r:kernel:s0 tclass=system
01-25 11:32:22.880 1227-1227/? I/auditd: type=1400 audit(0.0:1eni avc:  denied  { module_request } for  comm="iptables" kmod="ipt_owner" scontext=u:r:netd:s0 tcontext=u:r:kernel:s0 tclass=system
01-25 11:32:22.880 1227-1227/? I/auditd: type=1400 audit(0.0:2eni avc:  denied  { module_request } for  comm="iptables" kmod="ipt_owner" scontext=u:r:netd:s0 tcontext=u:r:kernel:s0 tclass=system
01-25 11:32:22.880 1227-1227/? I/auditd: type=1400 audit(0.0:2eni avc:  denied  { module_request } for  comm="iptablet_owner" scontext=u:r:netd:s0 tcontex:s0 tcontext=u:r:kernel:s0 tclass=system
01-25 11:32:22.882 932-932/? I/iptables: iptables terminated by exit(1)
01-25 11:32:22.882 932-932/? E/Netd: exec() res=0, status=256 for /system/bin/iptables -t mangle -A st_mangle_OUTPUT -m mark ! --mark 0 -j RETURN
01-25 11:32:22.883 932-932/? I/ip6tables: ip6tables: No chain/target/match by that name.
01-25 11:32:22.884 932-932/? I/ip6tables: ip6tables terminated by exit(1)
01-25 11:32:22.884 932-932/? E/Netd: exec() res=0, status=256 for /system/bin/ip6tables -t mangle -A st_mangle_OUTPUT -m mark ! --mark 0 -j RETURN
01-25 11:32:22.885 932-932/? I/iptables: iptables: No chain/target/match by that name.
01-25 11:32:22.900 1228-1228/? I/auditd: type=1400 audit(0.0:2eni avc:  denied  { module_request } for  comm="ip6tables" kmod="ip6t_owner" scontext=utconttd:s0 tcontext=u:r:kernel:s0 tclass=system
01-25 11:32:22.900 1228-1228/? I/auditd: type=1400 audit(0.0:2eni avc:  denied  { module_request } for  comm="ip6tables" kmod="ip6t_owner" scontext=utconttd:s0 tcontext=u:r:kernel:s0 tclass=system
01-25 11:32:22.900 1228-1228/? I/auditd: type=1400 audit(0.0:2eni avc:  denied  { module_request } for  comm="ip6tables" kmod="ip6t_owner" scontext=u:r:netd:s0 tcontext=u:r:kernel:s0 tclass=system
01-25 11:32:22.909 932-932/? I/iptables: iptables terminated by exit(1)
01-25 11:32:22.910 932-932/? E/Netd: exec() res=0, status=256 for /system/bin/iptables -t mangle -A st_mangle_OUTPUT -m owner --uid-owner vpn -j RETURN
01-25 11:32:22.911 932-932/? I/ip6tables: ip6tables: No chain/target/match by that name.
01-25 11:32:22.922 932-932/? I/ip6tables: ip6tables terminated by exit(1)
01-25 11:32:22.922 932-932/? E/Netd: exec() res=0, status=256 for /system/bin/ip6tables -t mangle -A st_mangle_OUTPUT -m owner --uid-owner vpn -j RETURN
01-25 11:32:22.923 1229-1229/? E/logwrapper: executing /system/bin/ip failed: No such file or directory
01-25 11:32:22.933 1230-1230/? E/logwrapper: executing /system/bin/ip failed: No such file or directory
01-25 11:32:22.942 1231-1231/? E/logwrapper: executing /system/bin/ip failed: No such file or directory
01-25 11:32:22.943 932-932/? D/MDnsDS: MDnsSdListener::Hander starting up
01-25 11:32:22.943 932-1236/? D/MDnsDS: MDnsSdListener starting to monitor
01-25 11:32:22.943 932-1236/? D/MDnsDS: Going to poll with pollCount 1
01-25 11:32:23.354 935-935/? D/libEGL: loaded /system/lib/egl/libEGL_emulation.so
01-25 11:32:23.434 935-935/? D/libEGL: loaded /system/lib/egl/libGLESv1_CM_emulation.so
01-25 11:32:23.435 935-935/? D/libEGL: loaded /system/lib/egl/libGLESv2_emulation.so
01-25 11:32:23.525 935-935/? E/SurfaceFlinger: hwcomposer module not found
01-25 11:32:23.525 935-935/? W/SurfaceFlinger: no suitable EGLConfig found, trying a simpler query
01-25 11:32:23.526 935-935/? I/SurfaceFlinger: EGL information:
01-25 11:32:23.526 935-935/? I/SurfaceFlinger: vendor    : Android
01-25 11:32:23.526 935-935/? I/SurfaceFlinger: version   : 1.4 Android META-EGL
01-25 11:32:23.526 935-935/? I/SurfaceFlinger: extensions: EGL_KHR_get_all_proc_addresses EGL_ANDROID_presentation_time EGL_KHR_image_base EGL_KHR_fence_sync EGL_ANDROID_image_native_buffer
01-25 11:32:23.526 935-935/? I/SurfaceFlinger: Client API: OpenGL_ES
01-25 11:32:23.526 935-935/? I/SurfaceFlinger: EGLSurface: 8-8-8-8, config=0x9
01-25 11:32:23.642 935-935/? I/SurfaceFlinger: OpenGL ES informations:
01-25 11:32:23.642 935-935/? I/SurfaceFlinger: vendor    : Google (NVIDIA Corporation)
01-25 11:32:23.642 935-935/? I/SurfaceFlinger: renderer  : Android Emulator OpenGL ES Translator (NVIDIA GeForce GTX 775M OpenGL Engine)
01-25 11:32:23.642 935-935/? I/SurfaceFlinger: version   : OpenGL ES 2.0 (2.1 NVIDIA-10.8.14 310.42.15f01)
01-25 11:32:23.642 935-935/? I/SurfaceFlinger: extensions: GL_EXT_debug_marker GL_OES_EGL_image GL_OES_EGL_image_external GL_OES_depth24 GL_OES_depth32 GL_OES_element_index_uint GL_OES_texture_float GL_OES_texture_float_linear GL_OES_compressed_paletted_texture GL_OES_compressed_ETC1_RGB8_texture GL_OES_depth_texture GL_OES_texture_half_float GL_OES_texture_half_float_linear GL_OES_packed_depth_stencil GL_OES_vertex_half_float GL_OES_texture_npot
01-25 11:32:23.642 935-935/? I/SurfaceFlinger: GL_MAX_TEXTURE_SIZE = 16384
01-25 11:32:23.642 935-935/? I/SurfaceFlinger: GL_MAX_VIEWPORT_DIMS = 16384
01-25 11:32:23.688 935-935/? W/SurfaceFlinger: power module not found
01-25 11:32:23.688 935-935/? W/SurfaceFlinger: power module not found
01-25 11:32:23.690 935-935/? D/SurfaceFlinger: Screen acquired, type=0 flinger=0xb95458e0
01-25 11:32:25.950 938-938/? I/mediaserver: ServiceManager: 0xb956df90
01-25 11:32:25.970 938-938/? I/AudioFlinger: Using default 3000 mSec as standby time.
01-25 11:32:26.067 938-938/? I/CameraService: CameraService started (pid=938)
01-25 11:32:26.142 938-938/? D/EmulatedCamera_QemuClient: Emulated camera list:
01-25 11:32:26.142 938-938/? I/CameraService: Loaded "Emulated Camera Module" camera module
01-25 11:32:26.160 938-938/? I/AudioPolicyService: AudioPolicyService CSTOR in new mode
01-25 11:32:26.176 938-938/? I/AudioPolicyManager: loadAudioPolicyConfig() loaded /system/etc/audio_policy.conf
01-25 11:32:26.195 938-938/? I/AudioFlinger: loadHwModule() Loaded primary audio interface from Generic audio HW HAL (audio) handle 1
01-25 11:32:26.195 938-938/? I/AudioFlinger: HAL output buffer size 1024 frames, normal sink buffer size 1024 frames
01-25 11:32:26.249 938-938/? I/AudioMixer: found effect "Multichannel Downmix To Stereo" from The Android Open Source Project
01-25 11:32:26.249 938-938/? I/AudioFlinger: Using module 1 has the primary audio interface
01-25 11:32:26.249 938-938/? I/AudioPolicyManager: CSTOR setOutputDevice 00000002
01-25 11:32:26.263 938-1274/? I/AudioFlinger: AudioFlinger's thread 0xb5f34010 ready to run
01-25 11:32:26.263 938-1274/? W/AudioFlinger: Thread AudioOut_2 cannot connect to the power manager service
01-25 11:32:26.266 938-1279/? I/AudioFlinger: AudioFlinger's thread 0xb5dc5010 ready to run
01-25 11:32:26.266 938-938/? E/AudioFlinger: int android::load_audio_interface(const char*, audio_hw_device_t**) couldn't load audio hw module audio.r_submix (No such file or directory)
01-25 11:32:26.266 938-938/? I/AudioFlinger: loadHwModule() error -2 loading module r_submix
01-25 11:32:26.266 938-938/? W/AudioPolicyManager: could not open HW module r_submix
01-25 11:32:26.266 938-938/? W/AudioPolicyManager: Input device 80000100 unreachable
01-25 11:32:26.267 938-1274/? W/AudioFlinger: Thread AudioOut_2 cannot connect to the power manager service
01-25 11:32:26.267 938-1274/? W/AudioFlinger: Thread AudioOut_2 cannot connect to the power manager service
01-25 11:32:26.267 938-1274/? E/AudioFlinger: no wake lock to update!
01-25 11:32:27.146 935-1168/? E/SurfaceFlinger: ro.sf.lcd_density must be defined as a build property
01-25 11:32:27.148 1244-1286/? D/libEGL: loaded /system/lib/egl/libEGL_emulation.so
01-25 11:32:27.215 1244-1286/? D/libEGL: loaded /system/lib/egl/libGLESv1_CM_emulation.so
01-25 11:32:27.216 1244-1286/? D/libEGL: loaded /system/lib/egl/libGLESv2_emulation.so
01-25 11:32:29.315 941-941/? I/boot_progress_start: 15303
01-25 11:32:29.701 941-941/? D/AndroidRuntime: CheckJNI is ON
01-25 11:32:29.957 941-941/? I/art: option[0]=-Xzygote
01-25 11:32:29.957 941-941/? I/art: option[1]=exit
01-25 11:32:29.957 941-941/? I/art: option[2]=vfprintf
01-25 11:32:29.957 941-941/? I/art: option[3]=sensitiveThread
01-25 11:32:29.958 941-941/? I/art: option[4]=-verbose:gc
01-25 11:32:29.958 941-941/? I/art: option[5]=-Xms4m
01-25 11:32:29.958 941-941/? I/art: option[6]=-Xmx64m
01-25 11:32:29.958 941-941/? I/art: option[7]=-XX:mainThreadStackSize=24K
01-25 11:32:29.958 941-941/? I/art: option[8]=-agentlib:jdwp=transport=dt_android_adb,suspend=n,server=y
01-25 11:32:29.958 941-941/? I/art: option[9]=-Xcheck:jni
01-25 11:32:29.958 941-941/? I/art: option[10]=-Xjnigreflimit:2000
01-25 11:32:29.958 941-941/? I/art: option[11]=-Xstacktracefile:/data/anr/traces.txt
01-25 11:32:29.958 941-941/? I/art: option[12]=-Xcompiler-option
01-25 11:32:29.958 941-941/? I/art: option[13]=--compiler-filter=interpret-only
01-25 11:32:29.958 941-941/? I/art: option[14]=-Ximage-compiler-option
01-25 11:32:29.958 941-941/? I/art: option[15]=--compiler-filter=verify-none
01-25 11:32:29.958 941-941/? I/art: option[16]=-Duser.language=en
01-25 11:32:29.958 941-941/? I/art: option[17]=-Duser.region=US
01-25 11:32:29.958 941-941/? I/art: option[18]=-Xprofile-period:10
01-25 11:32:29.958 941-941/? I/art: option[19]=-Xprofile-duration:30
01-25 11:32:29.958 941-941/? I/art: option[20]=-Xprofile-interval:10000
01-25 11:32:29.958 941-941/? I/art: option[21]=-Xprofile-backoff:2.0
01-25 11:32:43.569 941-941/? E/memtrack: Couldn't load memtrack module (No such file or directory)
01-25 11:32:43.569 941-941/? E/android.os.Debug: failed to load memtrack module: -2
01-25 11:32:44.234 941-941/? I/SamplingProfilerIntegration: Profiling disabled.
01-25 11:32:44.300 941-941/? I/boot_progress_preload_start: 30315
01-25 11:32:44.371 941-941/? D/Zygote: begin preload
01-25 11:32:45.528 941-941/? I/Zygote: Preloading classes...
01-25 11:32:45.980 941-941/? I/art: Explicit concurrent mark sweep GC freed 1588(86KB) AllocSpace objects, 0(0B) LOS objects, 2969% free, 208KB/2MB, paused 1.640ms total 450.874ms
01-25 11:32:46.488 941-941/? I/art: Explicit concurrent mark sweep GC freed 634(37KB) AllocSpace objects, 0(0B) LOS objects, 2962% free, 234KB/2MB, paused 1.608ms total 22.900ms
01-25 11:32:46.535 941-941/? I/art: Explicit concurrent mark sweep GC freed 788(48KB) AllocSpace objects, 0(0B) LOS objects, 2962% free, 234KB/2MB, paused 1.610ms total 9.504ms
01-25 11:32:47.276 941-941/? I/art: Explicit concurrent mark sweep GC freed 384(24KB) AllocSpace objects, 0(0B) LOS objects, 2961% free, 260KB/2MB, paused 1.489ms total 9.876ms
01-25 11:32:47.407 941-941/? W/Typeface: Didn't create default family (most likely, non-Minikin build)
01-25 11:32:50.132 941-941/? I/art: Explicit concurrent mark sweep GC freed 808(48KB) AllocSpace objects, 0(0B) LOS objects, 2961% free, 260KB/2MB, paused 1.631ms total 10.110ms
01-25 11:32:50.391 941-941/? D/TextLayoutCache: Using debug level = 0 - Debug Enabled = 0
01-25 11:32:50.937 941-941/? I/art: Thread[1,tid=941,WaitingForJniOnLoad,Thread*=0xb8f27e90,peer=0x78d7a140,"main"] recursive attempt to load library "/system/lib/libmedia_jni.so"
01-25 11:32:50.937 941-941/? D/MtpDeviceJNI: register_android_mtp_MtpDevice
01-25 11:32:50.937 941-941/? I/art: Thread[1,tid=941,WaitingForJniOnLoad,Thread*=0xb8f27e90,peer=0x78d7a140,"main"] recursive attempt to load library "/system/lib/libmedia_jni.so"
01-25 11:32:50.937 941-941/? I/art: Thread[1,tid=941,WaitingForJniOnLoad,Thread*=0xb8f27e90,peer=0x78d7a140,"main"] recursive attempt to load library "/system/lib/libmedia_jni.so"
01-25 11:32:51.139 941-941/? I/art: Explicit concurrent mark sweep GC freed 560(29KB) AllocSpace objects, 0(0B) LOS objects, 2939% free, 283KB/2MB, paused 1.428ms total 8.934ms
01-25 11:32:51.455 941-941/? I/art: Explicit concurrent mark sweep GC freed 637(33KB) AllocSpace objects, 0(0B) LOS objects, 2938% free, 299KB/2MB, paused 1.731ms total 9.096ms
01-25 11:32:51.705 941-941/? I/art: Explicit concurrent mark sweep GC freed 883(49KB) AllocSpace objects, 0(0B) LOS objects, 2937% free, 319KB/2MB, paused 1.392ms total 10.937ms
01-25 11:32:51.845 941-941/? E/EmojiFactory_jni: Failed to load libemoji.so: dlopen failed: library "libemoji.so" not found
01-25 11:32:52.022 941-941/? I/art: Explicit concurrent mark sweep GC freed 543(53KB) AllocSpace objects, 0(0B) LOS objects, 2924% free, 615KB/2MB, paused 2.021ms total 11.284ms
01-25 11:32:52.045 941-941/? I/art: Explicit concurrent mark sweep GC freed 518(35KB) AllocSpace objects, 0(0B) LOS objects, 2923% free, 629KB/2MB, paused 1.615ms total 9.605ms
01-25 11:32:52.053 941-941/? W/Zygote: Class not found for preloading: android.view.DisplayList
01-25 11:32:52.053 941-941/? W/Zygote: Class not found for preloading: android.view.DisplayList$DisplayListFinalizer
01-25 11:32:52.240 941-941/? I/art: Explicit concurrent mark sweep GC freed 838(48KB) AllocSpace objects, 0(0B) LOS objects, 2923% free, 630KB/2MB, paused 16.458ms total 24.467ms
01-25 11:32:52.728 941-941/? I/LibraryLoader: Loading: webviewchromium
01-25 11:32:55.815 941-941/? I/LibraryLoader: Time to load native libraries: 3087 ms (timestamps 8743-1830)
01-25 11:32:55.816 941-941/? I/LibraryLoader: Expected native library version number "",actual native library version number ""
01-25 11:32:55.864 941-941/? I/art: Explicit concurrent mark sweep GC freed 574(42KB) AllocSpace objects, 0(0B) LOS objects, 2649% free, 881KB/2MB, paused 1.397ms total 10.235ms
01-25 11:32:56.143 941-941/? I/art: Explicit concurrent mark sweep GC freed 1226(122KB) AllocSpace objects, 0(0B) LOS objects, 2648% free, 906KB/2MB, paused 1.418ms total 10.386ms
01-25 11:32:56.147 941-941/? W/Zygote: Class not found for preloading: com.android.internal.app.ActionBarImpl
01-25 11:32:56.147 941-941/? W/Zygote: Class not found for preloading: com.android.internal.app.ActionBarImpl$1
01-25 11:32:56.147 941-941/? W/Zygote: Class not found for preloading: com.android.internal.app.ActionBarImpl$2
01-25 11:32:56.311 941-941/? W/Zygote: Class not found for preloading: com.android.internal.widget.ActionBarView$3
01-25 11:32:56.321 941-941/? I/art: Explicit concurrent mark sweep GC freed 753(53KB) AllocSpace objects, 0(0B) LOS objects, 2648% free, 905KB/2MB, paused 1.435ms total 9.462ms
01-25 11:32:56.390 941-941/? I/art: Explicit concurrent mark sweep GC freed 608(48KB) AllocSpace objects, 0(0B) LOS objects, 2648% free, 906KB/2MB, paused 1.597ms total 9.322ms
01-25 11:32:56.537 941-941/? I/art: Explicit concurrent mark sweep GC freed 212(40KB) AllocSpace objects, 0(0B) LOS objects, 2648% free, 914KB/2MB, paused 1.782ms total 10.539ms
01-25 11:32:57.090 941-941/? I/art: Explicit concurrent mark sweep GC freed 10634(512KB) AllocSpace objects, 0(0B) LOS objects, 1430% free, 1323KB/4MB, paused 2.013ms total 11.478ms
01-25 11:32:57.090 941-1307/? I/art: WaitForGcToComplete blocked for 6.889941ms for cause Background
01-25 11:32:57.106 941-941/? W/Zygote: Class not found for preloading: com.android.org.conscrypt.ProtocolVersion
01-25 11:32:57.135 941-941/? W/Zygote: Class not found for preloading: dalvik.system.Zygote
01-25 11:32:57.167 941-941/? I/art: Explicit concurrent mark sweep GC freed 763(47KB) AllocSpace objects, 0(0B) LOS objects, 1430% free, 1325KB/4MB, paused 21.828ms total 30.841ms
01-25 11:32:57.192 941-941/? I/art: Explicit concurrent mark sweep GC freed 732(38KB) AllocSpace objects, 0(0B) LOS objects, 1430% free, 1336KB/4MB, paused 1.444ms total 10.019ms
01-25 11:32:57.217 941-941/? I/art: Explicit concurrent mark sweep GC freed 874(49KB) AllocSpace objects, 0(0B) LOS objects, 1430% free, 1336KB/4MB, paused 1.401ms total 22.255ms
01-25 11:32:57.277 941-941/? I/art: Explicit concurrent mark sweep GC freed 770(45KB) AllocSpace objects, 0(0B) LOS objects, 1429% free, 1340KB/4MB, paused 2.270ms total 11.344ms
01-25 11:32:57.416 941-941/? I/System: Loaded time zone names for "" in 101ms (100ms in ICU)
01-25 11:32:57.479 941-941/? I/System: Loaded time zone names for "en_US" in 63ms (62ms in ICU)
01-25 11:32:57.494 941-941/? I/art: Explicit concurrent mark sweep GC freed 2410(181KB) AllocSpace objects, 0(0B) LOS objects, 1425% free, 1503KB/4MB, paused 1.399ms total 14.535ms
01-25 11:32:57.502 941-941/? W/Zygote: Class not found for preloading: libcore.io.ErrnoException
01-25 11:32:57.503 941-941/? W/Zygote: Class not found for preloading: libcore.io.GaiException
01-25 11:32:57.503 941-941/? W/Zygote: Class not found for preloading: libcore.io.OsConstants
01-25 11:32:57.503 941-941/? W/Zygote: Class not found for preloading: libcore.io.StructAddrinfo
01-25 11:32:57.503 941-941/? W/Zygote: Class not found for preloading: libcore.io.StructFlock
01-25 11:32:57.503 941-941/? W/Zygote: Class not found for preloading: libcore.io.StructGroupReq
01-25 11:32:57.503 941-941/? W/Zygote: Class not found for preloading: libcore.io.StructLinger
01-25 11:32:57.503 941-941/? W/Zygote: Class not found for preloading: libcore.io.StructPasswd
01-25 11:32:57.504 941-941/? W/Zygote: Class not found for preloading: libcore.io.StructPollfd
01-25 11:32:57.504 941-941/? W/Zygote: Class not found for preloading: libcore.io.StructStat
01-25 11:32:57.504 941-941/? W/Zygote: Class not found for preloading: libcore.io.StructTimeval
01-25 11:32:57.504 941-941/? W/Zygote: Class not found for preloading: libcore.io.StructUcred
01-25 11:32:57.504 941-941/? W/Zygote: Class not found for preloading: libcore.io.StructUtsname
01-25 11:32:57.566 941-941/? I/art: Explicit concurrent mark sweep GC freed 880(55KB) AllocSpace objects, 0(0B) LOS objects, 1424% free, 1569KB/4MB, paused 755us total 11.134ms
01-25 11:32:57.573 941-941/? W/Zygote: Class not found for preloading: libcore.util.MutableInt
01-25 11:32:57.574 941-941/? W/Zygote: Class not found for preloading: libcore.util.MutableLong
01-25 11:32:57.736 941-941/? I/art: Explicit concurrent mark sweep GC freed 682(44KB) AllocSpace objects, 0(0B) LOS objects, 1423% free, 1573KB/4MB, paused 1.774ms total 12.413ms
01-25 11:32:57.802 941-941/? I/art: Explicit concurrent mark sweep GC freed 741(50KB) AllocSpace objects, 0(0B) LOS objects, 1423% free, 1573KB/4MB, paused 1.465ms total 10.845ms
01-25 11:32:57.814 941-941/? I/Zygote: ...preloaded 2715 classes in 12285ms.
01-25 11:32:57.814 941-941/? I/art: VMRuntime.preloadDexCaches starting
01-25 11:32:58.054 941-941/? I/art: VMRuntime.preloadDexCaches strings total=245102 before=46337 after=46337
01-25 11:32:58.055 941-941/? I/art: VMRuntime.preloadDexCaches types total=21850 before=6970 after=7186
01-25 11:32:58.055 941-941/? I/art: VMRuntime.preloadDexCaches fields total=96196 before=27047 after=28709
01-25 11:32:58.055 941-941/? I/art: VMRuntime.preloadDexCaches methods total=165273 before=62227 after=65727
01-25 11:32:58.055 941-941/? I/art: VMRuntime.preloadDexCaches finished
01-25 11:32:58.102 941-941/? I/art: Explicit concurrent mark sweep GC freed 591(51KB) AllocSpace objects, 0(0B) LOS objects, 1424% free, 1558KB/4MB, paused 19.564ms total 46.757ms
01-25 11:32:58.160 1402-1402/? D/idmap: error: no read access to /vendor/overlay: No such file or directory
01-25 11:32:58.471 941-941/? I/Zygote: Preloading resources...
01-25 11:32:58.471 941-941/? W/ResourceType: Failure getting entry for 0x010801a3 (t=7 e=419) in package 0 (error -75)
01-25 11:32:58.471 941-941/? W/ResourceType: Failure getting entry for 0x010801a4 (t=7 e=420) in package 0 (error -75)
01-25 11:32:58.471 941-941/? W/ResourceType: Failure getting entry for 0x010801a5 (t=7 e=421) in package 0 (error -75)
01-25 11:32:58.471 941-941/? W/ResourceType: Failure getting entry for 0x010801a6 (t=7 e=422) in package 0 (error -75)
01-25 11:32:58.471 941-941/? W/ResourceType: Failure getting entry for 0x010801a7 (t=7 e=423) in package 0 (error -75)
01-25 11:32:58.472 941-941/? W/ResourceType: Failure getting entry for 0x010801a8 (t=7 e=424) in package 0 (error -75)
01-25 11:32:58.472 941-941/? W/ResourceType: Failure getting entry for 0x010801a9 (t=7 e=425) in package 0 (error -75)
01-25 11:32:58.472 941-941/? W/ResourceType: Failure getting entry for 0x010801aa (t=7 e=426) in package 0 (error -75)
01-25 11:32:58.472 941-941/? W/ResourceType: Failure getting entry for 0x010801ab (t=7 e=427) in package 0 (error -75)
01-25 11:32:58.472 941-941/? W/ResourceType: Failure getting entry for 0x010801ac (t=7 e=428) in package 0 (error -75)
01-25 11:32:58.472 941-941/? W/ResourceType: Failure getting entry for 0x010801ad (t=7 e=429) in package 0 (error -75)
01-25 11:32:58.472 941-941/? W/ResourceType: Failure getting entry for 0x010801ae (t=7 e=430) in package 0 (error -75)
01-25 11:32:58.472 941-941/? W/ResourceType: Failure getting entry for 0x010801af (t=7 e=431) in package 0 (error -75)
01-25 11:32:58.472 941-941/? W/ResourceType: Failure getting entry for 0x010801b0 (t=7 e=432) in package 0 (error -75)
01-25 11:32:58.475 941-941/? W/ResourceType: Failure getting entry for 0x010801b1 (t=7 e=433) in package 0 (error -75)
01-25 11:32:58.475 941-941/? W/ResourceType: Failure getting entry for 0x010801b2 (t=7 e=434) in package 0 (error -75)
01-25 11:32:58.959 941-941/? W/Resources: Preloaded drawable resource #0x1080096 (android:drawable/toast_frame) that varies with configuration!!
01-25 11:32:58.974 941-941/? I/art: Explicit concurrent mark sweep GC freed 40(2000B) AllocSpace objects, 0(0B) LOS objects, 1396% free, 1655KB/4MB, paused 1.614ms total 14.306ms
01-25 11:32:59.039 941-941/? W/Resources: Preloaded drawable resource #0x1080110 (android:drawable/btn_check_on_pressed_holo_light) that varies with configuration!!
01-25 11:32:59.039 941-941/? W/Resources: Preloaded drawable resource #0x108010f (android:drawable/btn_check_on_pressed_holo_dark) that varies with configuration!!
01-25 11:32:59.056 941-941/? I/art: Explicit concurrent mark sweep GC freed 54(155KB) AllocSpace objects, 0(0B) LOS objects, 1373% free, 1575KB/4MB, paused 1.250ms total 16.126ms
01-25 11:32:59.064 941-941/? W/Resources: Preloaded drawable resource #0x108010c (android:drawable/btn_check_on_holo_light) that varies with configuration!!
01-25 11:32:59.077 941-941/? W/Resources: Preloaded drawable resource #0x108010b (android:drawable/btn_check_on_holo_dark) that varies with configuration!!
01-25 11:32:59.091 941-941/? I/art: Explicit concurrent mark sweep GC freed 57(75KB) AllocSpace objects, 0(0B) LOS objects, 1373% free, 1575KB/4MB, paused 1.579ms total 13.710ms
01-25 11:32:59.104 941-941/? W/Resources: Preloaded drawable resource #0x1080109 (android:drawable/btn_check_on_focused_holo_light) that varies with configuration!!
01-25 11:32:59.123 941-941/? W/Resources: Preloaded drawable resource #0x1080108 (android:drawable/btn_check_on_focused_holo_dark) that varies with configuration!!
01-25 11:32:59.136 941-941/? I/art: Explicit concurrent mark sweep GC freed 57(75KB) AllocSpace objects, 0(0B) LOS objects, 1373% free, 1575KB/4MB, paused 1.640ms total 12.180ms
01-25 11:32:59.144 941-941/? W/Resources: Preloaded drawable resource #0x1080107 (android:drawable/btn_check_on_disabled_holo_light) that varies with configuration!!
01-25 11:32:59.144 941-941/? W/Resources: Preloaded drawable resource #0x1080106 (android:drawable/btn_check_on_disabled_holo_dark) that varies with configuration!!
01-25 11:32:59.160 941-941/? I/art: Explicit concurrent mark sweep GC freed 57(75KB) AllocSpace objects, 0(0B) LOS objects, 1373% free, 1575KB/4MB, paused 5.067ms total 15.446ms
01-25 11:32:59.173 941-941/? W/Resources: Preloaded drawable resource #0x1080105 (android:drawable/btn_check_on_disabled_focused_holo_light) that varies with configuration!!
01-25 11:32:59.189 941-941/? W/Resources: Preloaded drawable resource #0x1080104 (android:drawable/btn_check_on_disabled_focused_holo_dark) that varies with configuration!!
01-25 11:32:59.202 941-941/? I/art: Explicit concurrent mark sweep GC freed 57(75KB) AllocSpace objects, 0(0B) LOS objects, 1373% free, 1576KB/4MB, paused 1.609ms total 12.510ms
01-25 11:32:59.214 941-941/? W/Resources: Preloaded drawable resource #0x10800fc (android:drawable/btn_check_off_pressed_holo_light) that varies with configuration!!
01-25 11:32:59.215 941-941/? W/Resources: Preloaded drawable resource #0x10800fb (android:drawable/btn_check_off_pressed_holo_dark) that varies with configuration!!
01-25 11:32:59.230 941-941/? I/art: Explicit concurrent mark sweep GC freed 57(75KB) AllocSpace objects, 0(0B) LOS objects, 1373% free, 1576KB/4MB, paused 1.307ms total 15.134ms
01-25 11:32:59.256 941-941/? W/Resources: Preloaded drawable resource #0x10800f6 (android:drawable/btn_check_off_holo_light) that varies with configuration!!
01-25 11:32:59.256 941-941/? W/Resources: Preloaded drawable resource #0x10800f5 (android:drawable/btn_check_off_holo_dark) that varies with configuration!!
01-25 11:32:59.271 941-941/? I/art: Explicit concurrent mark sweep GC freed 59(75KB) AllocSpace objects, 0(0B) LOS objects, 1373% free, 1577KB/4MB, paused 3.197ms total 14.621ms
01-25 11:32:59.284 941-941/? W/Resources: Preloaded drawable resource #0x10800f3 (android:drawable/btn_check_off_focused_holo_light) that varies with configuration!!
01-25 11:32:59.284 941-941/? W/Resources: Preloaded drawable resource #0x10800f2 (android:drawable/btn_check_off_focused_holo_dark) that varies with configuration!!
01-25 11:32:59.298 941-941/? I/art: Explicit concurrent mark sweep GC freed 57(75KB) AllocSpace objects, 0(0B) LOS objects, 1373% free, 1577KB/4MB, paused 1.522ms total 13.724ms
01-25 11:32:59.313 941-941/? W/Resources: Preloaded drawable resource #0x10800f1 (android:drawable/btn_check_off_disabled_holo_light) that varies with configuration!!
01-25 11:32:59.313 941-941/? W/Resources: Preloaded drawable resource #0x10800f0 (android:drawable/btn_check_off_disabled_holo_dark) that varies with configuration!!
01-25 11:32:59.329 941-941/? I/art: Explicit concurrent mark sweep GC freed 57(75KB) AllocSpace objects, 0(0B) LOS objects, 1373% free, 1577KB/4MB, paused 1.524ms total 14.799ms
01-25 11:32:59.343 941-941/? W/Resources: Preloaded drawable resource #0x10800ef (android:drawable/btn_check_off_disabled_focused_holo_light) that varies with configuration!!
01-25 11:32:59.343 941-941/? W/Resources: Preloaded drawable resource #0x10800ee (android:drawable/btn_check_off_disabled_focused_holo_dark) that varies with configuration!!
01-25 11:32:59.358 941-941/? I/art: Explicit concurrent mark sweep GC freed 57(75KB) AllocSpace objects, 0(0B) LOS objects, 1373% free, 1578KB/4MB, paused 1.433ms total 14.234ms
01-25 11:32:59.419 941-941/? W/Resources: Preloaded drawable resource #0x108010c (android:drawable/btn_check_on_holo_light) that varies with configuration!!
01-25 11:32:59.419 941-941/? W/Resources: Preloaded drawable resource #0x10800f6 (android:drawable/btn_check_off_holo_light) that varies with configuration!!
01-25 11:32:59.419 941-941/? W/Resources: Preloaded drawable resource #0x1080110 (android:drawable/btn_check_on_pressed_holo_light) that varies with configuration!!
01-25 11:32:59.420 941-941/? W/Resources: Preloaded drawable resource #0x10800fc (android:drawable/btn_check_off_pressed_holo_light) that varies with configuration!!
01-25 11:32:59.420 941-941/? W/Resources: Preloaded drawable resource #0x1080109 (android:drawable/btn_check_on_focused_holo_light) that varies with configuration!!
01-25 11:32:59.420 941-941/? W/Resources: Preloaded drawable resource #0x10800f3 (android:drawable/btn_check_off_focused_holo_light) that varies with configuration!!
01-25 11:32:59.420 941-941/? W/Resources: Preloaded drawable resource #0x10800f6 (android:drawable/btn_check_off_holo_light) that varies with configuration!!
01-25 11:32:59.421 941-941/? W/Resources: Preloaded drawable resource #0x108010c (android:drawable/btn_check_on_holo_light) that varies with configuration!!
01-25 11:32:59.421 941-941/? W/Resources: Preloaded drawable resource #0x1080107 (android:drawable/btn_check_on_disabled_holo_light) that varies with configuration!!
01-25 11:32:59.421 941-941/? W/Resources: Preloaded drawable resource #0x10800f1 (android:drawable/btn_check_off_disabled_holo_light) that varies with configuration!!
01-25 11:32:59.421 941-941/? W/Resources: Preloaded drawable resource #0x1080105 (android:drawable/btn_check_on_disabled_focused_holo_light) that varies with configuration!!
01-25 11:32:59.422 941-941/? W/Resources: Preloaded drawable resource #0x10800ef (android:drawable/btn_check_off_disabled_focused_holo_light) that varies with configuration!!
01-25 11:32:59.432 941-941/? W/Resources: Preloaded drawable resource #0x10800f1 (android:drawable/btn_check_off_disabled_holo_light) that varies with configuration!!
01-25 11:32:59.435 941-941/? W/Resources: Preloaded drawable resource #0x1080107 (android:drawable/btn_check_on_disabled_holo_light) that varies with configuration!!
01-25 11:32:59.435 941-941/? W/Resources: Preloaded drawable resource #0x10800e4 (android:drawable/btn_check_holo_light) that varies with configuration!!
01-25 11:32:59.452 941-941/? I/art: Explicit concurrent mark sweep GC freed 360(526KB) AllocSpace objects, 0(0B) LOS objects, 1274% free, 1582KB/4MB, paused 5.462ms total 14.651ms
01-25 11:32:59.463 941-941/? W/Resources: Preloaded drawable resource #0x108010b (android:drawable/btn_check_on_holo_dark) that varies with configuration!!
01-25 11:32:59.463 941-941/? W/Resources: Preloaded drawable resource #0x10800f5 (android:drawable/btn_check_off_holo_dark) that varies with configuration!!
01-25 11:32:59.463 941-941/? W/Resources: Preloaded drawable resource #0x108010f (android:drawable/btn_check_on_pressed_holo_dark) that varies with configuration!!
01-25 11:32:59.464 941-941/? W/Resources: Preloaded drawable resource #0x10800fb (android:drawable/btn_check_off_pressed_holo_dark) that varies with configuration!!
01-25 11:32:59.464 941-941/? W/Resources: Preloaded drawable resource #0x1080108 (android:drawable/btn_check_on_focused_holo_dark) that varies with configuration!!
01-25 11:32:59.464 941-941/? W/Resources: Preloaded drawable resource #0x10800f2 (android:drawable/btn_check_off_focused_holo_dark) that varies with configuration!!
01-25 11:32:59.465 941-941/? W/Resources: Preloaded drawable resource #0x10800f5 (android:drawable/btn_check_off_holo_dark) that varies with configuration!!
01-25 11:32:59.465 941-941/? W/Resources: Preloaded drawable resource #0x108010b (android:drawable/btn_check_on_holo_dark) that varies with configuration!!
01-25 11:32:59.465 941-941/? W/Resources: Preloaded drawable resource #0x1080106 (android:drawable/btn_check_on_disabled_holo_dark) that varies with configuration!!
01-25 11:32:59.465 941-941/? W/Resources: Preloaded drawable resource #0x10800f0 (android:drawable/btn_check_off_disabled_holo_dark) that varies with configuration!!
01-25 11:32:59.466 941-941/? W/Resources: Preloaded drawable resource #0x1080104 (android:drawable/btn_check_on_disabled_focused_holo_dark) that varies with configuration!!
01-25 11:32:59.466 941-941/? W/Resources: Preloaded drawable resource #0x10800ee (android:drawable/btn_check_off_disabled_focused_holo_dark) that varies with configuration!!
01-25 11:32:59.466 941-941/? W/Resources: Preloaded drawable resource #0x10800f0 (android:drawable/btn_check_off_disabled_holo_dark) that varies with configuration!!
01-25 11:32:59.466 941-941/? W/Resources: Preloaded drawable resource #0x1080106 (android:drawable/btn_check_on_disabled_holo_dark) that varies with configuration!!
01-25 11:32:59.466 941-941/? W/Resources: Preloaded drawable resource #0x10800e3 (android:drawable/btn_check_holo_dark) that varies with configuration!!
01-25 11:32:59.487 941-941/? I/art: Explicit concurrent mark sweep GC freed 436(530KB) AllocSpace objects, 0(0B) LOS objects, 1274% free, 1583KB/4MB, paused 3.548ms total 18.578ms
01-25 11:32:59.516 941-941/? W/Resources: Preloaded drawable resource #0x10801d4 (android:drawable/btn_radio_on_pressed_holo_light) that varies with configuration!!
01-25 11:32:59.516 941-941/? W/Resources: Preloaded drawable resource #0x10801d3 (android:drawable/btn_radio_on_pressed_holo_dark) that varies with configuration!!
01-25 11:32:59.547 941-941/? I/art: Explicit concurrent mark sweep GC freed 133(79KB) AllocSpace objects, 0(0B) LOS objects, 1275% free, 1579KB/4MB, paused 22.136ms total 30.339ms
01-25 11:32:59.560 941-941/? W/Resources: Preloaded drawable resource #0x10801d0 (android:drawable/btn_radio_on_holo_light) that varies with configuration!!
01-25 11:32:59.560 941-941/? W/Resources: Preloaded drawable resource #0x10801cf (android:drawable/btn_radio_on_holo_dark) that varies with configuration!!
01-25 11:32:59.576 941-941/? I/art: Explicit concurrent mark sweep GC freed 57(75KB) AllocSpace objects, 0(0B) LOS objects, 1275% free, 1580KB/4MB, paused 1.304ms total 15.276ms
01-25 11:32:59.584 941-941/? W/Resources: Preloaded drawable resource #0x10801cd (android:drawable/btn_radio_on_focused_holo_light) that varies with configuration!!
01-25 11:32:59.584 941-941/? W/Resources: Preloaded drawable resource #0x10801cc (android:drawable/btn_radio_on_focused_holo_dark) that varies with configuration!!
01-25 11:32:59.599 941-941/? I/art: Explicit concurrent mark sweep GC freed 57(75KB) AllocSpace objects, 0(0B) LOS objects, 1275% free, 1580KB/4MB, paused 1.453ms total 14.335ms
01-25 11:32:59.603 941-941/? W/Resources: Preloaded drawable resource #0x10801cb (android:drawable/btn_radio_on_disabled_holo_light) that varies with configuration!!
01-25 11:32:59.604 941-941/? W/Resources: Preloaded drawable resource #0x10801ca (android:drawable/btn_radio_on_disabled_holo_dark) that varies with configuration!!
01-25 11:32:59.615 941-941/? I/art: Explicit concurrent mark sweep GC freed 59(75KB) AllocSpace objects, 0(0B) LOS objects, 1275% free, 1581KB/4MB, paused 1.573ms total 11.068ms
01-25 11:32:59.623 941-941/? W/Resources: Preloaded drawable resource #0x10801c9 (android:drawable/btn_radio_on_disabled_focused_holo_light) that varies with configuration!!
01-25 11:32:59.624 941-941/? W/Resources: Preloaded drawable resource #0x10801c8 (android:drawable/btn_radio_on_disabled_focused_holo_dark) that varies with configuration!!
01-25 11:32:59.635 941-941/? I/art: Explicit concurrent mark sweep GC freed 57(75KB) AllocSpace objects, 0(0B) LOS objects, 1275% free, 1581KB/4MB, paused 1.495ms total 10.512ms
01-25 11:32:59.643 941-941/? W/Resources: Preloaded drawable resource #0x10801c4 (android:drawable/btn_radio_off_pressed_holo_light) that varies with configuration!!
01-25 11:32:59.644 941-941/? W/Resources: Preloaded drawable resource #0x10801c3 (android:drawable/btn_radio_off_pressed_holo_dark) that varies with configuration!!
01-25 11:32:59.655 941-941/? I/art: Explicit concurrent mark sweep GC freed 57(75KB) AllocSpace objects, 0(0B) LOS objects, 1275% free, 1581KB/4MB, paused 1.590ms total 11.002ms
01-25 11:32:59.663 941-941/? W/Resources: Preloaded drawable resource #0x10801c0 (android:drawable/btn_radio_off_holo_light) that varies with configuration!!
01-25 11:32:59.664 941-941/? W/Resources: Preloaded drawable resource #0x10801bf (android:drawable/btn_radio_off_holo_dark) that varies with configuration!!
01-25 11:32:59.678 941-941/? I/art: Explicit concurrent mark sweep GC freed 57(75KB) AllocSpace objects, 0(0B) LOS objects, 1275% free, 1581KB/4MB, paused 1.054ms total 13.781ms
01-25 11:32:59.697 941-941/? W/Resources: Preloaded drawable resource #0x10801bd (android:drawable/btn_radio_off_focused_holo_light) that varies with configuration!!
01-25 11:32:59.697 941-941/? W/Resources: Preloaded drawable resource #0x10801bc (android:drawable/btn_radio_off_focused_holo_dark) that varies with configuration!!
01-25 11:32:59.712 941-941/? I/art: Explicit concurrent mark sweep GC freed 57(75KB) AllocSpace objects, 0(0B) LOS objects, 1274% free, 1582KB/4MB, paused 1.497ms total 14.552ms
01-25 11:32:59.723 941-941/? W/Resources: Preloaded drawable resource #0x10801bb (android:drawable/btn_radio_off_disabled_holo_light) that varies with configuration!!
01-25 11:32:59.723 941-941/? W/Resources: Preloaded drawable resource #0x10801ba (android:drawable/btn_radio_off_disabled_holo_dark) that varies with configuration!!
01-25 11:32:59.737 941-941/? I/art: Explicit concurrent mark sweep GC freed 57(75KB) AllocSpace objects, 0(0B) LOS objects, 1274% free, 1582KB/4MB, paused 1.639ms total 12.478ms
01-25 11:32:59.755 941-941/? W/Resources: Preloaded drawable resource #0x10801b9 (android:drawable/btn_radio_off_disabled_focused_holo_light) that varies with configuration!!
01-25 11:32:59.756 941-941/? W/Resources: Preloaded drawable resource #0x10801b8 (android:drawable/btn_radio_off_disabled_focused_holo_dark) that varies with configuration!!
01-25 11:32:59.771 941-941/? I/art: Explicit concurrent mark sweep GC freed 57(75KB) AllocSpace objects, 0(0B) LOS objects, 1274% free, 1582KB/4MB, paused 5.906ms total 14.127ms
01-25 11:32:59.807 941-941/? W/Resources: Preloaded drawable resource #0x1080152 (android:drawable/btn_default_pressed_holo_light) that varies with configuration!!
01-25 11:32:59.808 941-941/? W/Resources: Preloaded drawable resource #0x1080151 (android:drawable/btn_default_pressed_holo_dark) that varies with configuration!!
01-25 11:32:59.823 941-941/? I/art: Explicit concurrent mark sweep GC freed 57(3KB) AllocSpace objects, 0(0B) LOS objects, 1273% free, 1642KB/4MB, paused 1.656ms total 14.768ms
01-25 11:32:59.833 941-941/? W/Resources: Preloaded drawable resource #0x108014e (android:drawable/btn_default_normal_holo_light) that varies with configuration!!
01-25 11:32:59.833 941-941/? W/Resources: Preloaded drawable resource #0x108014d (android:drawable/btn_default_normal_holo_dark) that varies with configuration!!
01-25 11:32:59.849 941-941/? I/art: Explicit concurrent mark sweep GC freed 65(62KB) AllocSpace objects, 0(0B) LOS objects, 1273% free, 1642KB/4MB, paused 1.387ms total 14.422ms
01-25 11:32:59.854 941-941/? W/Resources: Preloaded drawable resource #0x1080145 (android:drawable/btn_default_focused_holo_light) that varies with configuration!!
01-25 11:32:59.854 941-941/? W/Resources: Preloaded drawable resource #0x1080144 (android:drawable/btn_default_focused_holo_dark) that varies with configuration!!
01-25 11:32:59.870 941-941/? I/art: Explicit concurrent mark sweep GC freed 65(62KB) AllocSpace objects, 0(0B) LOS objects, 1273% free, 1642KB/4MB, paused 1.450ms total 14.948ms
01-25 11:32:59.883 941-941/? W/Resources: Preloaded drawable resource #0x1080142 (android:drawable/btn_default_disabled_holo_light) that varies with configuration!!
01-25 11:32:59.883 941-941/? W/Resources: Preloaded drawable resource #0x1080141 (android:drawable/btn_default_disabled_holo_dark) that varies with configuration!!
01-25 11:32:59.898 941-941/? I/art: Explicit concurrent mark sweep GC freed 65(62KB) AllocSpace objects, 0(0B) LOS objects, 1273% free, 1643KB/4MB, paused 1.603ms total 13.771ms
01-25 11:32:59.914 941-941/? W/Resources: Preloaded drawable resource #0x108013f (android:drawable/btn_default_disabled_focused_holo_light) that varies with configuration!!
01-25 11:32:59.914 941-941/? W/Resources: Preloaded drawable resource #0x108013e (android:drawable/btn_default_disabled_focused_holo_dark) that varies with configuration!!
01-25 11:32:59.929 941-941/? I/art: Explicit concurrent mark sweep GC freed 65(62KB) AllocSpace objects, 0(0B) LOS objects, 1273% free, 1643KB/4MB, paused 1.540ms total 14.219ms
01-25 11:32:59.943 941-941/? W/Resources: Preloaded drawable resource #0x108014d (android:drawable/btn_default_normal_holo_dark) that varies with configuration!!
01-25 11:32:59.944 941-941/? W/Resources: Preloaded drawable resource #0x1080141 (android:drawable/btn_default_disabled_holo_dark) that varies with configuration!!
01-25 11:32:59.944 941-941/? W/Resources: Preloaded drawable resource #0x1080151 (android:drawable/btn_default_pressed_holo_dark) that varies with configuration!!
01-25 11:32:59.944 941-941/? W/Resources: Preloaded drawable resource #0x1080144 (android:drawable/btn_default_focused_holo_dark) that varies with configuration!!
01-25 11:32:59.945 941-941/? W/Resources: Preloaded drawable resource #0x108014d (android:drawable/btn_default_normal_holo_dark) that varies with configuration!!
01-25 11:32:59.945 941-941/? W/Resources: Preloaded drawable resource #0x108013e (android:drawable/btn_default_disabled_focused_holo_dark) that varies with configuration!!
01-25 11:32:59.946 941-941/? W/Resources: Preloaded drawable resource #0x1080141 (android:drawable/btn_default_disabled_holo_dark) that varies with configuration!!
01-25 11:32:59.946 941-941/? W/Resources: Preloaded drawable resource #0x1080146 (android:drawable/btn_default_holo_dark) that varies with configuration!!
01-25 11:32:59.964 941-941/? I/art: Explicit concurrent mark sweep GC freed 205(71KB) AllocSpace objects, 0(0B) LOS objects, 1270% free, 1792KB/4MB, paused 1.475ms total 15.744ms
01-25 11:32:59.965 941-941/? W/Resources: Preloaded drawable resource #0x108014e (android:drawable/btn_default_normal_holo_light) that varies with configuration!!
01-25 11:32:59.965 941-941/? W/Resources: Preloaded drawable resource #0x1080142 (android:drawable/btn_default_disabled_holo_light) that varies with configuration!!
01-25 11:32:59.965 941-941/? W/Resources: Preloaded drawable resource #0x1080152 (android:drawable/btn_default_pressed_holo_light) that varies with configuration!!
01-25 11:32:59.965 941-941/? W/Resources: Preloaded drawable resource #0x1080145 (android:drawable/btn_default_focused_holo_light) that varies with configuration!!
01-25 11:32:59.966 941-941/? W/Resources: Preloaded drawable resource #0x108014e (android:drawable/btn_default_normal_holo_light) that varies with configuration!!
