01-25 11:33:02.066 941-941/? W/Resources: Preloaded drawable resource #0x10800d6 (android:drawable/btn_cab_done_default_holo_dark) that varies with configuration!!
01-25 11:33:02.066 941-941/? W/Resources: Preloaded drawable resource #0x10800d9 (android:drawable/btn_cab_done_focused_holo_light) that varies with configuration!!
01-25 11:33:02.066 941-941/? W/Resources: Preloaded drawable resource #0x10800d7 (android:drawable/btn_cab_done_default_holo_light) that varies with configuration!!
01-25 11:33:02.067 941-941/? W/Resources: Preloaded drawable resource #0x10800de (android:drawable/btn_cab_done_pressed_holo_dark) that varies with configuration!!
01-25 11:33:02.067 941-941/? W/Resources: Preloaded drawable resource #0x10800d8 (android:drawable/btn_cab_done_focused_holo_dark) that varies with configuration!!
01-25 11:33:02.067 941-941/? W/Resources: Preloaded drawable resource #0x10800df (android:drawable/btn_cab_done_pressed_holo_light) that varies with configuration!!
01-25 11:33:02.067 941-941/? W/Resources: Preloaded drawable resource #0x10804c5 (android:drawable/list_pressed_holo_light) that varies with configuration!!
01-25 11:33:02.067 941-941/? W/Resources: Preloaded drawable resource #0x10800d9 (android:drawable/btn_cab_done_focused_holo_light) that varies with configuration!!
01-25 11:33:02.068 941-941/? W/Resources: Preloaded drawable resource #0x10800d7 (android:drawable/btn_cab_done_default_holo_light) that varies with configuration!!
01-25 11:33:02.068 941-941/? W/Resources: Preloaded drawable resource #0x10800db (android:drawable/btn_cab_done_holo_light) that varies with configuration!!
01-25 11:33:02.068 941-941/? W/Resources: Preloaded drawable resource #0x10804c4 (android:drawable/list_pressed_holo_dark) that varies with configuration!!
01-25 11:33:02.068 941-941/? W/Resources: Preloaded drawable resource #0x10800d8 (android:drawable/btn_cab_done_focused_holo_dark) that varies with configuration!!
01-25 11:33:02.068 941-941/? W/Resources: Preloaded drawable resource #0x10800d6 (android:drawable/btn_cab_done_default_holo_dark) that varies with configuration!!
01-25 11:33:02.068 941-941/? W/Resources: Preloaded drawable resource #0x10800da (android:drawable/btn_cab_done_holo_dark) that varies with configuration!!
01-25 11:33:02.090 941-941/? W/Resources: Preloaded drawable resource #0x1080038 (android:drawable/ic_menu_close_clear_cancel) that varies with configuration!!
01-25 11:33:02.108 941-941/? I/art: Explicit concurrent mark sweep GC freed 306(76KB) AllocSpace objects, 0(0B) LOS objects, 1266% free, 2MB/4MB, paused 1.534ms total 14.929ms
01-25 11:33:02.125 941-941/? W/Resources: Preloaded drawable resource #0x10803ee (android:drawable/ic_menu_copy_holo_dark) that varies with configuration!!
01-25 11:33:02.125 941-941/? W/Resources: Preloaded drawable resource #0x10803ef (android:drawable/ic_menu_copy_holo_light) that varies with configuration!!
01-25 11:33:02.142 941-941/? I/art: Explicit concurrent mark sweep GC freed 177(98KB) AllocSpace objects, 0(0B) LOS objects, 1267% free, 2029KB/4MB, paused 6.097ms total 14.782ms
01-25 11:33:02.175 941-941/? W/Resources: Preloaded drawable resource #0x10803f3 (android:drawable/ic_menu_cut_holo_dark) that varies with configuration!!
01-25 11:33:02.175 941-941/? W/Resources: Preloaded drawable resource #0x10803f4 (android:drawable/ic_menu_cut_holo_light) that varies with configuration!!
01-25 11:33:02.190 941-941/? I/art: Explicit concurrent mark sweep GC freed 57(75KB) AllocSpace objects, 0(0B) LOS objects, 1267% free, 2029KB/4MB, paused 5.997ms total 14.615ms
01-25 11:33:02.271 941-941/? W/Resources: Preloaded drawable resource #0x1080045 (android:drawable/ic_menu_more) that varies with configuration!!
01-25 11:33:02.273 941-941/? W/Resources: Preloaded drawable resource #0x108040d (android:drawable/ic_menu_moreoverflow_normal_holo_dark) that varies with configuration!!
01-25 11:33:02.273 941-941/? W/Resources: Preloaded drawable resource #0x1080409 (android:drawable/ic_menu_moreoverflow_holo_dark) that varies with configuration!!
01-25 11:33:02.299 941-941/? I/art: Explicit concurrent mark sweep GC freed 79(76KB) AllocSpace objects, 0(0B) LOS objects, 1267% free, 2030KB/4MB, paused 1.508ms total 24.987ms
01-25 11:33:02.314 941-941/? W/Resources: Preloaded drawable resource #0x108040e (android:drawable/ic_menu_moreoverflow_normal_holo_light) that varies with configuration!!
01-25 11:33:02.314 941-941/? W/Resources: Preloaded drawable resource #0x108040a (android:drawable/ic_menu_moreoverflow_holo_light) that varies with configuration!!
01-25 11:33:02.314 941-941/? W/Resources: Preloaded drawable resource #0x1080411 (android:drawable/ic_menu_paste_holo_dark) that varies with configuration!!
01-25 11:33:02.331 941-941/? I/art: Explicit concurrent mark sweep GC freed 94(79KB) AllocSpace objects, 0(0B) LOS objects, 1267% free, 2033KB/4MB, paused 1.423ms total 15.518ms
01-25 11:33:02.344 941-941/? W/Resources: Preloaded drawable resource #0x1080412 (android:drawable/ic_menu_paste_holo_light) that varies with configuration!!
01-25 11:33:02.344 941-941/? W/Resources: Preloaded drawable resource #0x108041c (android:drawable/ic_menu_selectall_holo_light) that varies with configuration!!
01-25 11:33:02.361 941-941/? I/art: Explicit concurrent mark sweep GC freed 70(75KB) AllocSpace objects, 0(0B) LOS objects, 1267% free, 2032KB/4MB, paused 5.802ms total 16.186ms
01-25 11:33:02.373 941-941/? W/Resources: Preloaded drawable resource #0x108041b (android:drawable/ic_menu_selectall_holo_dark) that varies with configuration!!
01-25 11:33:02.385 941-941/? W/Resources: Preloaded drawable resource #0x1080356 (android:drawable/ic_clear_disabled) that varies with configuration!!
01-25 11:33:02.445 941-941/? W/Resources: Preloaded drawable resource #0x108035a (android:drawable/ic_clear_normal) that varies with configuration!!
01-25 11:33:02.445 941-941/? W/Resources: Preloaded drawable resource #0x1080355 (android:drawable/ic_clear) that varies with configuration!!
01-25 11:33:02.462 941-941/? I/art: Explicit concurrent mark sweep GC freed 102(114KB) AllocSpace objects, 0(0B) LOS objects, 1266% free, 2034KB/4MB, paused 6.781ms total 15.691ms
01-25 11:33:02.465 941-941/? W/Resources: Preloaded drawable resource #0x1080356 (android:drawable/ic_clear_disabled) that varies with configuration!!
01-25 11:33:02.465 941-941/? W/Resources: Preloaded drawable resource #0x108035a (android:drawable/ic_clear_normal) that varies with configuration!!
01-25 11:33:02.481 941-941/? I/art: Explicit concurrent mark sweep GC freed 74(76KB) AllocSpace objects, 0(0B) LOS objects, 1267% free, 2033KB/4MB, paused 5.702ms total 14.878ms
01-25 11:33:02.508 941-941/? W/Resources: Preloaded drawable resource #0x1080453 (android:drawable/ic_search_api_holo_dark) that varies with configuration!!
01-25 11:33:02.509 941-941/? W/Resources: Preloaded drawable resource #0x1080454 (android:drawable/ic_search_api_holo_light) that varies with configuration!!
01-25 11:33:02.509 941-941/? W/Resources: Preloaded drawable resource #0x108037f (android:drawable/ic_go) that varies with configuration!!
01-25 11:33:02.529 941-941/? I/art: Explicit concurrent mark sweep GC freed 79(81KB) AllocSpace objects, 0(0B) LOS objects, 1267% free, 2033KB/4MB, paused 2.671ms total 18.896ms
01-25 11:33:02.533 941-941/? W/Resources: Preloaded drawable resource #0x1080460 (android:drawable/ic_voice_search_api_holo_dark) that varies with configuration!!
01-25 11:33:02.533 941-941/? W/Resources: Preloaded drawable resource #0x1080461 (android:drawable/ic_voice_search_api_holo_light) that varies with configuration!!
01-25 11:33:02.533 941-941/? W/Resources: Preloaded drawable resource #0x10802a9 (android:drawable/dialog_bottom_holo_dark) that varies with configuration!!
01-25 11:33:02.545 941-941/? I/art: Explicit concurrent mark sweep GC freed 83(45KB) AllocSpace objects, 0(0B) LOS objects, 1265% free, 2MB/4MB, paused 1.680ms total 10.919ms
01-25 11:33:02.567 941-941/? W/Resources: Preloaded drawable resource #0x10802aa (android:drawable/dialog_bottom_holo_light) that varies with configuration!!
01-25 11:33:02.581 941-941/? I/art: Explicit concurrent mark sweep GC freed 47(76KB) AllocSpace objects, 0(0B) LOS objects, 1246% free, 2MB/4MB, paused 1.603ms total 12.736ms
01-25 11:33:02.594 941-941/? W/Resources: Preloaded drawable resource #0x10802ae (android:drawable/dialog_full_holo_dark) that varies with configuration!!
01-25 11:33:02.607 941-941/? I/art: Explicit concurrent mark sweep GC freed 35(76KB) AllocSpace objects, 0(0B) LOS objects, 1212% free, 2MB/5MB, paused 3.326ms total 12.969ms
01-25 11:33:02.614 941-941/? W/Resources: Preloaded drawable resource #0x10802af (android:drawable/dialog_full_holo_light) that varies with configuration!!
01-25 11:33:02.627 941-941/? I/art: Explicit concurrent mark sweep GC freed 35(136KB) AllocSpace objects, 0(0B) LOS objects, 1212% free, 2MB/5MB, paused 2.876ms total 12.783ms
01-25 11:33:02.633 941-941/? W/Resources: Preloaded drawable resource #0x10802b7 (android:drawable/dialog_middle_holo_dark) that varies with configuration!!
01-25 11:33:02.646 941-941/? I/art: Explicit concurrent mark sweep GC freed 35(136KB) AllocSpace objects, 0(0B) LOS objects, 1214% free, 2MB/5MB, paused 1.542ms total 12.460ms
01-25 11:33:02.653 941-941/? W/Resources: Preloaded drawable resource #0x10802b8 (android:drawable/dialog_middle_holo_light) that varies with configuration!!
01-25 11:33:02.664 941-941/? I/art: Explicit concurrent mark sweep GC freed 35(55KB) AllocSpace objects, 0(0B) LOS objects, 1214% free, 2MB/5MB, paused 1.718ms total 10.847ms
01-25 11:33:02.673 941-941/? W/Resources: Preloaded drawable resource #0x10802b9 (android:drawable/dialog_top_holo_dark) that varies with configuration!!
01-25 11:33:02.686 941-941/? I/art: Explicit concurrent mark sweep GC freed 35(55KB) AllocSpace objects, 0(0B) LOS objects, 1214% free, 2MB/5MB, paused 1.530ms total 12.206ms
01-25 11:33:02.693 941-941/? W/Resources: Preloaded drawable resource #0x10802ba (android:drawable/dialog_top_holo_light) that varies with configuration!!
01-25 11:33:02.708 941-941/? I/art: Explicit concurrent mark sweep GC freed 35(76KB) AllocSpace objects, 0(0B) LOS objects, 1214% free, 2MB/5MB, paused 3.949ms total 14.020ms
01-25 11:33:02.714 941-941/? W/Resources: Preloaded drawable resource #0x108036d (android:drawable/ic_dialog_alert_holo_dark) that varies with configuration!!
01-25 11:33:02.714 941-941/? W/Resources: Preloaded drawable resource #0x108036e (android:drawable/ic_dialog_alert_holo_light) that varies with configuration!!
01-25 11:33:02.728 941-941/? I/art: Explicit concurrent mark sweep GC freed 55(149KB) AllocSpace objects, 0(0B) LOS objects, 1215% free, 2035KB/5MB, paused 1.546ms total 13.268ms
01-25 11:33:02.733 941-941/? W/Resources: Preloaded drawable resource #0x10804b8 (android:drawable/list_divider_holo_dark) that varies with configuration!!
01-25 11:33:02.733 941-941/? W/Resources: Preloaded drawable resource #0x10804b9 (android:drawable/list_divider_holo_light) that varies with configuration!!
01-25 11:33:02.733 941-941/? W/Resources: Preloaded drawable resource #0x10804b9 (android:drawable/list_divider_holo_light) that varies with configuration!!
01-25 11:33:02.758 941-941/? W/Resources: Preloaded drawable resource #0x10800c2 (android:drawable/ab_transparent_dark_holo) that varies with configuration!!
01-25 11:33:02.758 941-941/? W/Resources: Preloaded drawable resource #0x10800c0 (android:drawable/ab_stacked_transparent_dark_holo) that varies with configuration!!
01-25 11:33:02.775 941-941/? I/art: Explicit concurrent mark sweep GC freed 107(6KB) AllocSpace objects, 0(0B) LOS objects, 1214% free, 2MB/5MB, paused 1.650ms total 15.859ms
01-25 11:33:02.799 941-941/? W/Resources: Preloaded drawable resource #0x10800a1 (android:drawable/ab_bottom_transparent_dark_holo) that varies with configuration!!
01-25 11:33:02.799 941-941/? W/Resources: Preloaded drawable resource #0x10800b7 (android:drawable/ab_solid_dark_holo) that varies with configuration!!
01-25 11:33:02.799 941-941/? W/Resources: Preloaded drawable resource #0x10800bd (android:drawable/ab_stacked_solid_dark_holo) that varies with configuration!!
01-25 11:33:02.812 941-941/? I/art: Explicit concurrent mark sweep GC freed 104(46KB) AllocSpace objects, 0(0B) LOS objects, 1214% free, 2MB/5MB, paused 1.495ms total 11.480ms
01-25 11:33:02.823 941-941/? W/Resources: Preloaded drawable resource #0x108009e (android:drawable/ab_bottom_solid_dark_holo) that varies with configuration!!
01-25 11:33:02.823 941-941/? W/Resources: Preloaded drawable resource #0x10800c3 (android:drawable/ab_transparent_light_holo) that varies with configuration!!
01-25 11:33:02.824 941-941/? W/Resources: Preloaded drawable resource #0x10800c1 (android:drawable/ab_stacked_transparent_light_holo) that varies with configuration!!
01-25 11:33:02.844 941-941/? I/art: Explicit concurrent mark sweep GC freed 86(65KB) AllocSpace objects, 0(0B) LOS objects, 1214% free, 2MB/5MB, paused 1.391ms total 19.400ms
01-25 11:33:02.854 941-941/? W/Resources: Preloaded drawable resource #0x10800a2 (android:drawable/ab_bottom_transparent_light_holo) that varies with configuration!!
01-25 11:33:02.854 941-941/? W/Resources: Preloaded drawable resource #0x10800b8 (android:drawable/ab_solid_light_holo) that varies with configuration!!
01-25 11:33:02.854 941-941/? W/Resources: Preloaded drawable resource #0x10800bf (android:drawable/ab_stacked_solid_light_holo) that varies with configuration!!
01-25 11:33:02.881 941-941/? I/art: Explicit concurrent mark sweep GC freed 86(65KB) AllocSpace objects, 0(0B) LOS objects, 1214% free, 2MB/5MB, paused 1.578ms total 26.324ms
01-25 11:33:02.919 941-941/? W/Resources: Preloaded drawable resource #0x10800a0 (android:drawable/ab_bottom_solid_light_holo) that varies with configuration!!
01-25 11:33:02.919 941-941/? W/Resources: Preloaded drawable resource #0x10800b9 (android:drawable/ab_solid_shadow_holo) that varies with configuration!!
01-25 11:33:02.919 941-941/? W/Resources: Preloaded drawable resource #0x10804e5 (android:drawable/list_selector_disabled_holo_dark) that varies with configuration!!
01-25 11:33:02.919 941-941/? W/Resources: Preloaded drawable resource #0x10804e5 (android:drawable/list_selector_disabled_holo_dark) that varies with configuration!!
01-25 11:33:02.919 941-941/? W/Resources: Preloaded drawable resource #0x10804c4 (android:drawable/list_pressed_holo_dark) that varies with configuration!!
01-25 11:33:02.920 941-941/? W/Resources: Preloaded drawable resource #0x10804c2 (android:drawable/list_longpressed_holo_dark) that varies with configuration!!
01-25 11:33:02.920 941-941/? W/Resources: Preloaded drawable resource #0x10804e2 (android:drawable/list_selector_background_transition_holo_dark) that varies with configuration!!
01-25 11:33:02.920 941-941/? W/Resources: Preloaded drawable resource #0x10804c4 (android:drawable/list_pressed_holo_dark) that varies with configuration!!
01-25 11:33:02.920 941-941/? W/Resources: Preloaded drawable resource #0x10804c2 (android:drawable/list_longpressed_holo_dark) that varies with configuration!!
01-25 11:33:02.920 941-941/? W/Resources: Preloaded drawable resource #0x10804e2 (android:drawable/list_selector_background_transition_holo_dark) that varies with configuration!!
01-25 11:33:02.920 941-941/? W/Resources: Preloaded drawable resource #0x10804bd (android:drawable/list_focused_holo) that varies with configuration!!
01-25 11:33:02.921 941-941/? W/Resources: Preloaded drawable resource #0x1080476 (android:drawable/item_background_holo_dark) that varies with configuration!!
01-25 11:33:02.932 941-941/? I/art: Explicit concurrent mark sweep GC freed 282(78KB) AllocSpace objects, 0(0B) LOS objects, 1213% free, 2MB/5MB, paused 1.533ms total 11.133ms
01-25 11:33:02.935 941-941/? W/Resources: Preloaded drawable resource #0x10804e6 (android:drawable/list_selector_disabled_holo_light) that varies with configuration!!
01-25 11:33:02.935 941-941/? W/Resources: Preloaded drawable resource #0x10804e6 (android:drawable/list_selector_disabled_holo_light) that varies with configuration!!
01-25 11:33:02.935 941-941/? W/Resources: Preloaded drawable resource #0x10804c5 (android:drawable/list_pressed_holo_light) that varies with configuration!!
01-25 11:33:02.935 941-941/? W/Resources: Preloaded drawable resource #0x10804c3 (android:drawable/list_longpressed_holo_light) that varies with configuration!!
01-25 11:33:02.936 941-941/? W/Resources: Preloaded drawable resource #0x10804e3 (android:drawable/list_selector_background_transition_holo_light) that varies with configuration!!
01-25 11:33:02.936 941-941/? W/Resources: Preloaded drawable resource #0x10804c5 (android:drawable/list_pressed_holo_light) that varies with configuration!!
01-25 11:33:02.936 941-941/? W/Resources: Preloaded drawable resource #0x10804c3 (android:drawable/list_longpressed_holo_light) that varies with configuration!!
01-25 11:33:02.936 941-941/? W/Resources: Preloaded drawable resource #0x10804e3 (android:drawable/list_selector_background_transition_holo_light) that varies with configuration!!
01-25 11:33:02.936 941-941/? W/Resources: Preloaded drawable resource #0x10804bd (android:drawable/list_focused_holo) that varies with configuration!!
01-25 11:33:02.936 941-941/? W/Resources: Preloaded drawable resource #0x1080477 (android:drawable/item_background_holo_light) that varies with configuration!!
01-25 11:33:02.970 941-941/? I/art: Explicit concurrent mark sweep GC freed 330(96KB) AllocSpace objects, 0(0B) LOS objects, 1214% free, 2MB/5MB, paused 1.845ms total 31.268ms
01-25 11:33:02.993 941-941/? W/Resources: Preloaded drawable resource #0x108030a (android:drawable/fastscroll_thumb_pressed_holo) that varies with configuration!!
01-25 11:33:02.994 941-941/? W/Resources: Preloaded drawable resource #0x1080306 (android:drawable/fastscroll_thumb_default_holo) that varies with configuration!!
01-25 11:33:02.994 941-941/? W/Resources: Preloaded drawable resource #0x1080307 (android:drawable/fastscroll_thumb_holo) that varies with configuration!!
01-25 11:33:03.010 941-941/? I/art: Explicit concurrent mark sweep GC freed 159(169KB) AllocSpace objects, 0(0B) LOS objects, 1215% free, 2039KB/5MB, paused 1.470ms total 15.584ms
01-25 11:33:03.023 941-941/? W/Resources: Preloaded drawable resource #0x108030a (android:drawable/fastscroll_thumb_pressed_holo) that varies with configuration!!
01-25 11:33:03.036 941-941/? I/art: Explicit concurrent mark sweep GC freed 50(59KB) AllocSpace objects, 0(0B) LOS objects, 1215% free, 2038KB/5MB, paused 1.576ms total 12.439ms
01-25 11:33:03.043 941-941/? W/Resources: Preloaded drawable resource #0x1080306 (android:drawable/fastscroll_thumb_default_holo) that varies with configuration!!
01-25 11:33:03.057 941-941/? I/art: Explicit concurrent mark sweep GC freed 31(58KB) AllocSpace objects, 0(0B) LOS objects, 1215% free, 2038KB/5MB, paused 1.619ms total 11.605ms
01-25 11:33:03.063 941-941/? W/Resources: Preloaded drawable resource #0x1080311 (android:drawable/fastscroll_track_pressed_holo_dark) that varies with configuration!!
01-25 11:33:03.063 941-941/? W/Resources: Preloaded drawable resource #0x108030b (android:drawable/fastscroll_track_default_holo_dark) that varies with configuration!!
01-25 11:33:03.064 941-941/? W/Resources: Preloaded drawable resource #0x108030d (android:drawable/fastscroll_track_holo_dark) that varies with configuration!!
01-25 11:33:03.064 941-941/? W/Resources: Preloaded drawable resource #0x1080311 (android:drawable/fastscroll_track_pressed_holo_dark) that varies with configuration!!
01-25 11:33:03.064 941-941/? W/Resources: Preloaded drawable resource #0x108030b (android:drawable/fastscroll_track_default_holo_dark) that varies with configuration!!
01-25 11:33:03.065 941-941/? W/Resources: Preloaded drawable resource #0x1080302 (android:drawable/fastscroll_label_left_holo_dark) that varies with configuration!!
01-25 11:33:03.084 941-941/? I/art: Explicit concurrent mark sweep GC freed 126(8KB) AllocSpace objects, 0(0B) LOS objects, 1211% free, 2MB/5MB, paused 3.166ms total 17.453ms
01-25 11:33:03.093 941-941/? W/Resources: Preloaded drawable resource #0x1080304 (android:drawable/fastscroll_label_right_holo_dark) that varies with configuration!!
01-25 11:33:03.107 941-941/? I/art: Explicit concurrent mark sweep GC freed 81(196KB) AllocSpace objects, 0(0B) LOS objects, 1168% free, 2MB/5MB, paused 1.624ms total 13.005ms
01-25 11:33:03.113 941-941/? W/Resources: Preloaded drawable resource #0x1080312 (android:drawable/fastscroll_track_pressed_holo_light) that varies with configuration!!
01-25 11:33:03.113 941-941/? W/Resources: Preloaded drawable resource #0x108030c (android:drawable/fastscroll_track_default_holo_light) that varies with configuration!!
01-25 11:33:03.113 941-941/? W/Resources: Preloaded drawable resource #0x108030e (android:drawable/fastscroll_track_holo_light) that varies with configuration!!
01-25 11:33:03.113 941-941/? W/Resources: Preloaded drawable resource #0x1080312 (android:drawable/fastscroll_track_pressed_holo_light) that varies with configuration!!
01-25 11:33:03.113 941-941/? W/Resources: Preloaded drawable resource #0x108030c (android:drawable/fastscroll_track_default_holo_light) that varies with configuration!!
01-25 11:33:03.114 941-941/? W/Resources: Preloaded drawable resource #0x1080303 (android:drawable/fastscroll_label_left_holo_light) that varies with configuration!!
01-25 11:33:03.127 941-941/? I/art: Explicit concurrent mark sweep GC freed 129(197KB) AllocSpace objects, 0(0B) LOS objects, 1168% free, 2MB/5MB, paused 1.424ms total 11.286ms
01-25 11:33:03.134 941-941/? W/Resources: Preloaded drawable resource #0x1080305 (android:drawable/fastscroll_label_right_holo_light) that varies with configuration!!
01-25 11:33:03.145 941-941/? I/art: Explicit concurrent mark sweep GC freed 81(196KB) AllocSpace objects, 0(0B) LOS objects, 1168% free, 2MB/5MB, paused 1.449ms total 10.916ms
01-25 11:33:03.147 941-941/? W/Resources: Preloaded drawable resource #0x10802e4 (android:drawable/editbox_dropdown_background_dark) that varies with configuration!!
01-25 11:33:03.147 941-941/? W/Resources: Preloaded drawable resource #0x1080764 (android:drawable/textfield_search_selected_holo_dark) that varies with configuration!!
01-25 11:33:03.147 941-941/? W/Resources: Preloaded drawable resource #0x1080756 (android:drawable/textfield_search_default_holo_dark) that varies with configuration!!
01-25 11:33:03.147 941-941/? W/Resources: Preloaded drawable resource #0x1080766 (android:drawable/textfield_searchview_holo_dark) that varies with configuration!!
01-25 11:33:03.147 941-941/? W/Resources: Preloaded drawable resource #0x1080761 (android:drawable/textfield_search_right_selected_holo_dark) that varies with configuration!!
01-25 11:33:03.148 941-941/? W/Resources: Preloaded drawable resource #0x108075f (android:drawable/textfield_search_right_default_holo_dark) that varies with configuration!!
01-25 11:33:03.148 941-941/? W/Resources: Preloaded drawable resource #0x1080768 (android:drawable/textfield_searchview_right_holo_dark) that varies with configuration!!
01-25 11:33:03.191 941-941/? I/art: Explicit concurrent mark sweep GC freed 154(199KB) AllocSpace objects, 0(0B) LOS objects, 1171% free, 2MB/5MB, paused 1.486ms total 41.867ms
01-25 11:33:03.205 941-941/? W/Resources: Preloaded drawable resource #0x1080765 (android:drawable/textfield_search_selected_holo_light) that varies with configuration!!
01-25 11:33:03.205 941-941/? W/Resources: Preloaded drawable resource #0x1080757 (android:drawable/textfield_search_default_holo_light) that varies with configuration!!
01-25 11:33:03.206 941-941/? W/Resources: Preloaded drawable resource #0x1080767 (android:drawable/textfield_searchview_holo_light) that varies with configuration!!
01-25 11:33:03.206 941-941/? W/Resources: Preloaded drawable resource #0x1080762 (android:drawable/textfield_search_right_selected_holo_light) that varies with configuration!!
01-25 11:33:03.206 941-941/? W/Resources: Preloaded drawable resource #0x1080760 (android:drawable/textfield_search_right_default_holo_light) that varies with configuration!!
01-25 11:33:03.206 941-941/? W/Resources: Preloaded drawable resource #0x1080769 (android:drawable/textfield_searchview_right_holo_light) that varies with configuration!!
01-25 11:33:03.206 941-941/? W/Resources: Preloaded drawable resource #0x1080764 (android:drawable/textfield_search_selected_holo_dark) that varies with configuration!!
01-25 11:33:03.207 941-941/? W/Resources: Preloaded drawable resource #0x1080756 (android:drawable/textfield_search_default_holo_dark) that varies with configuration!!
01-25 11:33:03.207 941-941/? W/Resources: Preloaded drawable resource #0x1080761 (android:drawable/textfield_search_right_selected_holo_dark) that varies with configuration!!
01-25 11:33:03.207 941-941/? W/Resources: Preloaded drawable resource #0x108075f (android:drawable/textfield_search_right_default_holo_dark) that varies with configuration!!
01-25 11:33:03.207 941-941/? W/Resources: Preloaded drawable resource #0x1080765 (android:drawable/textfield_search_selected_holo_light) that varies with configuration!!
01-25 11:33:03.207 941-941/? W/Resources: Preloaded drawable resource #0x1080757 (android:drawable/textfield_search_default_holo_light) that varies with configuration!!
01-25 11:33:03.207 941-941/? W/Resources: Preloaded drawable resource #0x1080762 (android:drawable/textfield_search_right_selected_holo_light) that varies with configuration!!
01-25 11:33:03.207 941-941/? W/Resources: Preloaded drawable resource #0x1080760 (android:drawable/textfield_search_right_default_holo_light) that varies with configuration!!
01-25 11:33:03.207 941-941/? W/Resources: Preloaded drawable resource #0x1080720 (android:drawable/tab_unselected_holo) that varies with configuration!!
01-25 11:33:03.249 941-941/? W/Resources: Preloaded drawable resource #0x108071b (android:drawable/tab_selected_holo) that varies with configuration!!
01-25 11:33:03.249 941-941/? W/Resources: Preloaded drawable resource #0x108071f (android:drawable/tab_unselected_focused_holo) that varies with configuration!!
01-25 11:33:03.250 941-941/? W/Resources: Preloaded drawable resource #0x108071a (android:drawable/tab_selected_focused_holo) that varies with configuration!!
01-25 11:33:03.250 941-941/? W/Resources: Preloaded drawable resource #0x1080721 (android:drawable/tab_unselected_pressed_holo) that varies with configuration!!
01-25 11:33:03.250 941-941/? W/Resources: Preloaded drawable resource #0x108071c (android:drawable/tab_selected_pressed_holo) that varies with configuration!!
01-25 11:33:03.250 941-941/? W/Resources: Preloaded drawable resource #0x1080721 (android:drawable/tab_unselected_pressed_holo) that varies with configuration!!
01-25 11:33:03.250 941-941/? W/Resources: Preloaded drawable resource #0x108071c (android:drawable/tab_selected_pressed_holo) that varies with configuration!!
01-25 11:33:03.250 941-941/? W/Resources: Preloaded drawable resource #0x108070d (android:drawable/tab_indicator_holo) that varies with configuration!!
01-25 11:33:03.263 941-941/? I/art: Explicit concurrent mark sweep GC freed 529(73KB) AllocSpace objects, 0(0B) LOS objects, 1171% free, 2MB/5MB, paused 1.904ms total 11.300ms
01-25 11:33:03.273 941-941/? W/Resources: Preloaded drawable resource #0x1080720 (android:drawable/tab_unselected_holo) that varies with configuration!!
01-25 11:33:03.273 941-941/? W/Resources: Preloaded drawable resource #0x108071b (android:drawable/tab_selected_holo) that varies with configuration!!
01-25 11:33:03.273 941-941/? W/Resources: Preloaded drawable resource #0x108071f (android:drawable/tab_unselected_focused_holo) that varies with configuration!!
01-25 11:33:03.273 941-941/? W/Resources: Preloaded drawable resource #0x108071a (android:drawable/tab_selected_focused_holo) that varies with configuration!!
01-25 11:33:03.273 941-941/? W/Resources: Preloaded drawable resource #0x1080721 (android:drawable/tab_unselected_pressed_holo) that varies with configuration!!
01-25 11:33:03.274 941-941/? W/Resources: Preloaded drawable resource #0x108071c (android:drawable/tab_selected_pressed_holo) that varies with configuration!!
01-25 11:33:03.292 941-941/? I/art: Explicit concurrent mark sweep GC freed 353(40KB) AllocSpace objects, 0(0B) LOS objects, 1171% free, 2MB/5MB, paused 6.071ms total 15.218ms
01-25 11:33:03.316 941-941/? I/art: Explicit concurrent mark sweep GC freed 132(8KB) AllocSpace objects, 0(0B) LOS objects, 1169% free, 2MB/5MB, paused 1.480ms total 11.154ms
01-25 11:33:03.324 941-941/? W/Resources: Preloaded drawable resource #0x10800b6 (android:drawable/ab_share_pack_mtrl_alpha) that varies with configuration!!
01-25 11:33:03.324 941-941/? W/Resources: Preloaded drawable resource #0x10800bc (android:drawable/ab_solid_shadow_mtrl_alpha) that varies with configuration!!
01-25 11:33:03.324 941-941/? W/Resources: Preloaded drawable resource #0x10800dd (android:drawable/btn_cab_done_mtrl_alpha) that varies with configuration!!
01-25 11:33:03.324 941-941/? W/Resources: Preloaded drawable resource #0x1080112 (android:drawable/btn_check_to_off_mtrl_000) that varies with configuration!!
01-25 11:33:03.338 941-941/? I/art: Explicit concurrent mark sweep GC freed 127(43KB) AllocSpace objects, 0(0B) LOS objects, 1169% free, 2MB/5MB, paused 2.096ms total 12.247ms
01-25 11:33:03.344 941-941/? W/Resources: Preloaded drawable resource #0x1080113 (android:drawable/btn_check_to_off_mtrl_001) that varies with configuration!!
01-25 11:33:03.344 941-941/? W/Resources: Preloaded drawable resource #0x1080114 (android:drawable/btn_check_to_off_mtrl_002) that varies with configuration!!
01-25 11:33:03.356 941-941/? I/art: Explicit concurrent mark sweep GC freed 78(95KB) AllocSpace objects, 0(0B) LOS objects, 1169% free, 2MB/5MB, paused 1.501ms total 10.611ms
01-25 11:33:03.363 941-941/? W/Resources: Preloaded drawable resource #0x1080115 (android:drawable/btn_check_to_off_mtrl_003) that varies with configuration!!
01-25 11:33:03.363 941-941/? W/Resources: Preloaded drawable resource #0x1080116 (android:drawable/btn_check_to_off_mtrl_004) that varies with configuration!!
01-25 11:33:03.375 941-941/? I/art: Explicit concurrent mark sweep GC freed 57(75KB) AllocSpace objects, 0(0B) LOS objects, 1169% free, 2MB/5MB, paused 1.563ms total 11.196ms
01-25 11:33:03.383 941-941/? W/Resources: Preloaded drawable resource #0x1080117 (android:drawable/btn_check_to_off_mtrl_005) that varies with configuration!!
01-25 11:33:03.383 941-941/? W/Resources: Preloaded drawable resource #0x1080118 (android:drawable/btn_check_to_off_mtrl_006) that varies with configuration!!
01-25 11:33:03.395 941-941/? I/art: Explicit concurrent mark sweep GC freed 57(75KB) AllocSpace objects, 0(0B) LOS objects, 1169% free, 2MB/5MB, paused 1.556ms total 10.555ms
01-25 11:33:03.403 941-941/? W/Resources: Preloaded drawable resource #0x1080119 (android:drawable/btn_check_to_off_mtrl_007) that varies with configuration!!
01-25 11:33:03.404 941-941/? W/Resources: Preloaded drawable resource #0x108011a (android:drawable/btn_check_to_off_mtrl_008) that varies with configuration!!
01-25 11:33:03.416 941-941/? I/art: Explicit concurrent mark sweep GC freed 57(75KB) AllocSpace objects, 0(0B) LOS objects, 1169% free, 2MB/5MB, paused 1.478ms total 11.020ms
01-25 11:33:03.424 941-941/? W/Resources: Preloaded drawable resource #0x108011b (android:drawable/btn_check_to_off_mtrl_009) that varies with configuration!!
01-25 11:33:03.424 941-941/? W/Resources: Preloaded drawable resource #0x108011c (android:drawable/btn_check_to_off_mtrl_010) that varies with configuration!!
01-25 11:33:03.436 941-941/? I/art: Explicit concurrent mark sweep GC freed 57(75KB) AllocSpace objects, 0(0B) LOS objects, 1169% free, 2MB/5MB, paused 1.780ms total 11.638ms
01-25 11:33:03.443 941-941/? W/Resources: Preloaded drawable resource #0x108011d (android:drawable/btn_check_to_off_mtrl_011) that varies with configuration!!
01-25 11:33:03.444 941-941/? W/Resources: Preloaded drawable resource #0x108011e (android:drawable/btn_check_to_off_mtrl_012) that varies with configuration!!
01-25 11:33:03.454 941-941/? I/art: Explicit concurrent mark sweep GC freed 57(75KB) AllocSpace objects, 0(0B) LOS objects, 1169% free, 2MB/5MB, paused 1.418ms total 10.213ms
01-25 11:33:03.455 941-941/? W/Resources: Preloaded drawable resource #0x108011f (android:drawable/btn_check_to_off_mtrl_013) that varies with configuration!!
01-25 11:33:03.455 941-941/? W/Resources: Preloaded drawable resource #0x1080120 (android:drawable/btn_check_to_off_mtrl_014) that varies with configuration!!
01-25 11:33:03.473 941-941/? I/art: Explicit concurrent mark sweep GC freed 57(75KB) AllocSpace objects, 0(0B) LOS objects, 1169% free, 2MB/5MB, paused 6.884ms total 16.138ms
01-25 11:33:03.483 941-941/? W/Resources: Preloaded drawable resource #0x1080121 (android:drawable/btn_check_to_off_mtrl_015) that varies with configuration!!
01-25 11:33:03.483 941-941/? W/Resources: Preloaded drawable resource #0x1080122 (android:drawable/btn_check_to_on_mtrl_000) that varies with configuration!!
01-25 11:33:03.499 941-941/? I/art: Explicit concurrent mark sweep GC freed 57(75KB) AllocSpace objects, 0(0B) LOS objects, 1169% free, 2MB/5MB, paused 2.065ms total 14.899ms
01-25 11:33:03.503 941-941/? W/Resources: Preloaded drawable resource #0x1080123 (android:drawable/btn_check_to_on_mtrl_001) that varies with configuration!!
01-25 11:33:03.503 941-941/? W/Resources: Preloaded drawable resource #0x1080124 (android:drawable/btn_check_to_on_mtrl_002) that varies with configuration!!
01-25 11:33:03.520 941-941/? I/art: Explicit concurrent mark sweep GC freed 57(75KB) AllocSpace objects, 0(0B) LOS objects, 1169% free, 2MB/5MB, paused 1.521ms total 15.447ms
01-25 11:33:03.523 941-941/? W/Resources: Preloaded drawable resource #0x1080125 (android:drawable/btn_check_to_on_mtrl_003) that varies with configuration!!
01-25 11:33:03.524 941-941/? W/Resources: Preloaded drawable resource #0x1080126 (android:drawable/btn_check_to_on_mtrl_004) that varies with configuration!!
01-25 11:33:03.535 941-941/? I/art: Explicit concurrent mark sweep GC freed 57(75KB) AllocSpace objects, 0(0B) LOS objects, 1169% free, 2MB/5MB, paused 1.500ms total 10.456ms
01-25 11:33:03.543 941-941/? W/Resources: Preloaded drawable resource #0x1080127 (android:drawable/btn_check_to_on_mtrl_005) that varies with configuration!!
01-25 11:33:03.543 941-941/? W/Resources: Preloaded drawable resource #0x1080128 (android:drawable/btn_check_to_on_mtrl_006) that varies with configuration!!
01-25 11:33:03.554 941-941/? I/art: Explicit concurrent mark sweep GC freed 57(75KB) AllocSpace objects, 0(0B) LOS objects, 1169% free, 2MB/5MB, paused 1.571ms total 10.079ms
01-25 11:33:03.563 941-941/? W/Resources: Preloaded drawable resource #0x1080129 (android:drawable/btn_check_to_on_mtrl_007) that varies with configuration!!
01-25 11:33:03.563 941-941/? W/Resources: Preloaded drawable resource #0x108012a (android:drawable/btn_check_to_on_mtrl_008) that varies with configuration!!
01-25 11:33:03.575 941-941/? I/art: Explicit concurrent mark sweep GC freed 57(75KB) AllocSpace objects, 0(0B) LOS objects, 1169% free, 2MB/5MB, paused 1.594ms total 10.948ms
01-25 11:33:03.583 941-941/? W/Resources: Preloaded drawable resource #0x108012b (android:drawable/btn_check_to_on_mtrl_009) that varies with configuration!!
01-25 11:33:03.583 941-941/? W/Resources: Preloaded drawable resource #0x108012c (android:drawable/btn_check_to_on_mtrl_010) that varies with configuration!!
01-25 11:33:03.596 941-941/? I/art: Explicit concurrent mark sweep GC freed 57(75KB) AllocSpace objects, 0(0B) LOS objects, 1169% free, 2MB/5MB, paused 1.649ms total 11.631ms
01-25 11:33:03.603 941-941/? W/Resources: Preloaded drawable resource #0x108012d (android:drawable/btn_check_to_on_mtrl_011) that varies with configuration!!
01-25 11:33:03.603 941-941/? W/Resources: Preloaded drawable resource #0x108012e (android:drawable/btn_check_to_on_mtrl_012) that varies with configuration!!
01-25 11:33:03.616 941-941/? I/art: Explicit concurrent mark sweep GC freed 57(75KB) AllocSpace objects, 0(0B) LOS objects, 1169% free, 2MB/5MB, paused 1.535ms total 11.739ms
01-25 11:33:03.623 941-941/? W/Resources: Preloaded drawable resource #0x108012f (android:drawable/btn_check_to_on_mtrl_013) that varies with configuration!!
01-25 11:33:03.623 941-941/? W/Resources: Preloaded drawable resource #0x1080130 (android:drawable/btn_check_to_on_mtrl_014) that varies with configuration!!
01-25 11:33:03.635 941-941/? I/art: Explicit concurrent mark sweep GC freed 57(75KB) AllocSpace objects, 0(0B) LOS objects, 1169% free, 2MB/5MB, paused 1.598ms total 11.221ms
01-25 11:33:03.636 941-941/? W/Resources: Preloaded drawable resource #0x1080131 (android:drawable/btn_check_to_on_mtrl_015) that varies with configuration!!
01-25 11:33:03.657 941-941/? W/Resources: Preloaded drawable resource #0x108019d (android:drawable/btn_mtrl_alpha) that varies with configuration!!
01-25 11:33:03.687 941-941/? I/art: Explicit concurrent mark sweep GC freed 57(39KB) AllocSpace objects, 0(0B) LOS objects, 1169% free, 2MB/5MB, paused 2.783ms total 29.386ms
01-25 11:33:03.700 941-941/? W/ResourceType: Failure getting entry for 0x010801a3 (t=7 e=419) in package 0 (error -75)
01-25 11:33:03.783 941-941/? W/Zygote: Failure preloading resources
                                       android.content.res.Resources$NotFoundException: Resource ID #0x10801a3
                                           at android.content.res.Resources.getValue(Resources.java:1193)
                                           at android.content.res.Resources.getDrawable(Resources.java:744)
                                           at android.content.res.Resources.getDrawable(Resources.java:718)
                                           at com.android.internal.os.ZygoteInit.preloadDrawables(ZygoteInit.java:446)
                                           at com.android.internal.os.ZygoteInit.preloadResources(ZygoteInit.java:381)
                                           at com.android.internal.os.ZygoteInit.preload(ZygoteInit.java:251)
                                           at com.android.internal.os.ZygoteInit.main(ZygoteInit.java:608)
01-25 11:33:03.783 941-941/? D/libEGL: loaded /system/lib/egl/libEGL_emulation.so
01-25 11:33:03.879 941-941/? D/libEGL: loaded /system/lib/egl/libGLESv1_CM_emulation.so
01-25 11:33:03.879 941-941/? D/libEGL: loaded /system/lib/egl/libGLESv2_emulation.so
01-25 11:33:03.880 941-941/? D/Zygote: end preload
01-25 11:33:03.880 941-941/? I/boot_progress_preload_end: 49895
01-25 11:33:03.891 941-941/? I/art: Explicit concurrent mark sweep GC freed 130(56KB) AllocSpace objects, 0(0B) LOS objects, 1170% free, 2MB/5MB, paused 1.499ms total 10.342ms
01-25 11:33:03.914 941-941/? I/art: Explicit concurrent mark sweep GC freed 9(344B) AllocSpace objects, 0(0B) LOS objects, 1170% free, 2MB/5MB, paused 1.489ms total 10.621ms
01-25 11:33:03.934 941-941/? I/art: Explicit concurrent mark sweep GC freed 5(160B) AllocSpace objects, 0(0B) LOS objects, 1170% free, 2MB/5MB, paused 1.695ms total 10.555ms
01-25 11:33:03.967 941-941/? I/Zygote: Accepting command socket connections
01-25 11:33:04.345 1888-1888/? I/SystemServer: Entered the Android system server!
01-25 11:33:04.345 1888-1888/? I/boot_progress_system_run: 50360
01-25 11:33:05.190 1888-1888/? D/SensorService: nuSensorService starting...
01-25 11:33:05.245 1888-1888/? I/SensorService: Goldfish 3-axis Accelerometer
01-25 11:33:05.246 1888-1888/? I/SensorService: Goldfish 3-axis Magnetic field sensor
01-25 11:33:05.246 1888-1888/? I/SensorService: Goldfish Orientation sensor
01-25 11:33:05.246 1888-1888/? I/SensorService: Goldfish Temperature sensor
01-25 11:33:05.246 1888-1888/? I/SensorService: Goldfish Proximity sensor
01-25 11:33:05.247 1888-1888/? D/SensorService: Max socket buffer size 131071
01-25 11:33:05.259 1888-1911/? D/SensorService: nuSensorService thread starting...
01-25 11:33:05.884 1888-1888/system_process I/SystemServiceManager: Starting com.android.server.pm.Installer
01-25 11:33:06.039 1888-1888/system_process I/Installer: Waiting for installd to be ready.
01-25 11:33:06.040 1888-1888/system_process I/Installer: connecting...
01-25 11:33:06.082 939-939/? I/installd: new connection
01-25 11:33:06.099 1888-1888/system_process I/SystemServiceManager: Starting com.android.server.power.PowerManagerService
01-25 11:33:06.145 1888-1888/system_process E/PowerManagerService-JNI: Couldn't load power module (No such file or directory)
01-25 11:33:06.145 1888-1888/system_process W/libsuspend: Error writing 'on' to /sys/power/state: Invalid argument
01-25 11:33:06.146 1888-1888/system_process I/libsuspend: Selected wakeup count
01-25 11:33:06.171 1888-1888/system_process I/SystemServiceManager: Starting com.android.server.am.ActivityManagerService$Lifecycle
01-25 11:33:06.563 1888-1888/system_process I/ActivityManager: Memory class: 64
01-25 11:33:06.601 1888-1928/system_process I/ServiceThread: Enabled StrictMode logging for ActivityManager looper.
01-25 11:33:07.156 1888-1888/system_process W/UsageStats: Usage stats version of /data/system/usagestats/usage-20160125 changed from 0 to 1010; dropping
01-25 11:33:07.465 1888-1888/system_process I/IntentFirewall: Read new rules (A:0 B:0 S:0)
01-25 11:33:07.609 1888-1938/system_process I/ServiceThread: Enabled StrictMode logging for android.ui looper.
01-25 11:33:07.610 1888-1942/system_process I/ServiceThread: Enabled StrictMode logging for android.display looper.
01-25 11:33:07.649 1888-1888/system_process I/SystemServiceManager: Starting com.android.server.display.DisplayManagerService
01-25 11:33:07.662 1888-1944/system_process E/BatteryStatsService: Failed to open /sys/kernel/wakeup_reasons/last_resume_reason
01-25 11:33:07.790 1888-1888/system_process I/SystemServer: Telephony Registry
01-25 11:33:07.850 1888-1888/system_process I/SystemServer: Scheduling Policy
01-25 11:33:07.934 935-1168/? E/SurfaceFlinger: ro.sf.lcd_density must be defined as a build property
01-25 11:33:07.964 1888-1942/system_process I/DisplayManagerService: Display device added: DisplayDeviceInfo{"Built-in Screen": 1080 x 1920, 60.000004 fps, density 480, 480.0 x 480.0 dpi, touch INTERNAL, rotation 0, type BUILT_IN, state UNKNOWN, FLAG_DEFAULT_DISPLAY, FLAG_ROTATES_WITH_CONTENT, FLAG_SECURE, FLAG_SUPPORTS_PROTECTED_BUFFERS}
01-25 11:33:07.974 1888-1888/system_process I/SystemServiceManager: Starting phase 100
01-25 11:33:07.974 1888-1888/system_process I/SystemServer: Package Manager
01-25 11:33:08.291 1888-1888/system_process I/boot_progress_pms_start: 54306
01-25 11:33:08.558 1888-1888/system_process W/PackageManager: No directory /oem/etc/permissions, skipping
01-25 11:33:08.570 1888-1888/system_process D/SELinuxMMAC: Couldn't find install policy /data/security/mac_permissions.xml
01-25 11:33:08.571 1888-1888/system_process D/SELinuxMMAC: Using install policy file /system/etc/security/mac_permissions.xml
01-25 11:33:08.714 1888-1888/system_process I/boot_progress_pms_system_scan_start: 54730
01-25 11:33:09.311 1888-1888/system_process D/PackageManager: No files in app dir /vendor/overlay
01-25 11:33:09.931 1888-1888/system_process W/PackageParser: No actions in intent filter at /system/priv-app/Contacts.apk Binary XML file line #375
01-25 11:33:10.114 1888-1888/system_process W/NativeHelper: Could not delete native binary: /system/lib/DefaultContainerService/libdefcontainer_jni.so
01-25 11:33:10.349 1888-1888/system_process W/PackageParser: No actions in intent filter at /system/priv-app/Dialer.apk Binary XML file line #157
01-25 11:33:11.460 1888-1888/system_process W/asset: Installing empty resources in to table 0xb90905c0
01-25 11:33:11.859 1888-1888/system_process W/NativeHelper: Could not delete native binary: /system/lib/PrebuiltGmsCore/libAppDataSearch.so
01-25 11:33:11.859 1888-1888/system_process W/NativeHelper: Could not delete native binary: /system/lib/PrebuiltGmsCore/libconscrypt_jni.so
01-25 11:33:11.859 1888-1888/system_process W/NativeHelper: Could not delete native binary: /system/lib/PrebuiltGmsCore/libgames_rtmp_jni.so
01-25 11:33:11.898 1888-1888/system_process I/art: DexFile_isDexOptNeeded cache file /data/dalvik-cache/x86/system@priv-app@PrebuiltGmsCore.apk@classes.dex does not exist for /system/priv-app/PrebuiltGmsCore.apk: File size of 0 bytes not large enough to contain ELF header of 52 bytes: '/data/dalvik-cache/x86/system@priv-app@PrebuiltGmsCore.apk@classes.dex'
01-25 11:33:12.342 1888-1888/system_process W/ResourceType: Failure getting entry for 0x7f0b0856 (t=10 e=2134) in package 0 (error -75)
01-25 11:33:12.595 1888-1888/system_process W/asset: Installing empty resources in to table 0xb90905c0
01-25 11:33:14.316 1888-1888/system_process W/asset: Installing empty resources in to table 0xb90a62a0
01-25 11:33:14.933 1888-1888/system_process W/NativeHelper: Could not delete native binary: /system/lib/LatinIME/libjni_latinime.so
01-25 11:33:15.191 1888-1888/system_process W/NativeHelper: Could not delete native binary: /system/lib/LegacyCamera/libjni_legacymosaic.so
01-25 11:33:15.249 1888-1888/system_process W/asset: Installing empty resources in to table 0xb90ab280
01-25 11:33:15.872 1888-1902/system_process I/art: Background sticky concurrent mark sweep GC freed 17037(1319KB) AllocSpace objects, 20(349KB) LOS objects, 696% free, 4MB/8MB, paused 5.450ms total 214.274ms
01-25 11:33:15.895 1888-1888/system_process I/art: DexFile_isDexOptNeeded cache file /data/dalvik-cache/x86/system@app@Maps.apk@classes.dex does not exist for /system/app/Maps.apk: File size of 0 bytes not large enough to contain ELF header of 52 bytes: '/data/dalvik-cache/x86/system@app@Maps.apk@classes.dex'
01-25 11:33:16.065 1888-1888/system_process I/art: DexFile_isDexOptNeeded profile file /data/dalvik-cache/profiles/com.android.netspeed doesn't exist
01-25 11:33:16.151 1888-1888/system_process W/NativeHelper: Could not delete native binary: /system/lib/OpenWnn/libWnnEngDic.so
01-25 11:33:16.151 1888-1888/system_process W/NativeHelper: Could not delete native binary: /system/lib/OpenWnn/libWnnJpnDic.so
01-25 11:33:16.151 1888-1888/system_process W/NativeHelper: Could not delete native binary: /system/lib/OpenWnn/libwnndict.so
01-25 11:33:16.244 1888-1888/system_process W/NativeHelper: Could not delete native binary: /system/lib/PacProcessor/libjni_pacprocessor.so
01-25 11:33:16.391 1888-1888/system_process W/NativeHelper: Could not delete native binary: /system/lib/PicoTts/libttscompat.so
01-25 11:33:16.391 1888-1888/system_process W/NativeHelper: Could not delete native binary: /system/lib/PicoTts/libttspico.so
01-25 11:33:16.440 1888-1888/system_process W/NativeHelper: Could not delete native binary: /system/lib/PinyinIME/libjni_pinyinime.so
01-25 11:33:16.775 1888-1888/system_process W/asset: Installing empty resources in to table 0xb9080740
01-25 11:33:16.835 1888-1888/system_process I/art: DexFile_isDexOptNeeded profile file /data/dalvik-cache/profiles/com.android.speechrecorder doesn't exist
01-25 11:33:16.886 1888-1888/system_process I/art: DexFile_isDexOptNeeded profile file /data/dalvik-cache/profiles/com.google.android.street doesn't exist
01-25 11:33:16.938 1888-1888/system_process D/PackageManager: No files in app dir /system/vendor/app
01-25 11:33:16.938 1888-1888/system_process D/PackageManager: No files in app dir /oem/app
01-25 11:33:16.966 1888-1888/system_process I/boot_progress_pms_data_scan_start: 62981
01-25 11:33:17.141 1888-1888/system_process W/PackageParser: No actions in intent filter at /data/app/ApiDemos.apk Binary XML file line #2936
01-25 11:33:17.141 1888-1888/system_process W/PackageParser: No actions in intent filter at /data/app/ApiDemos.apk Binary XML file line #2942
01-25 11:33:17.142 1888-1888/system_process W/PackageManager: Package com.example.android.apis desires unavailable shared library com.example.will.never.exist; ignoring!
01-25 11:33:17.150 1888-1888/system_process I/SELinux: SELinux: Loaded file_contexts from /file_contexts
01-25 11:33:17.800 1888-1888/system_process W/asset: Installing empty resources in to table 0xb911e990
01-25 11:33:17.807 1888-1888/system_process W/asset: Installing empty resources in to table 0xb911e990
01-25 11:33:17.834 1888-1888/system_process W/zipro: Error opening archive /data/app/com.example.android.trivialdrivesample-1.apk: Invalid file
01-25 11:33:17.834 1888-1888/system_process D/asset: failed to open Zip archive '/data/app/com.example.android.trivialdrivesample-1.apk'
01-25 11:33:17.834 1888-1888/system_process W/PackageParser: Failed adding asset path:/data/app/com.example.android.trivialdrivesample-1.apk
01-25 11:33:17.909 1888-1888/system_process I/art: DexFile_isDexOptNeeded cache file /data/dalvik-cache/x86/data@app@com.example.android.trivialdrivesample-2.apk@classes.dex does not exist for /data/app/com.example.android.trivialdrivesample-2.apk: File size of 0 bytes not large enough to contain ELF header of 52 bytes: '/data/dalvik-cache/x86/data@app@com.example.android.trivialdrivesample-2.apk@classes.dex'
01-25 11:33:17.909 1888-1888/system_process W/PackageManager: Package com.example.android.apis desires unavailable shared library com.example.will.never.exist; ignoring!
01-25 11:33:17.909 1888-1888/system_process W/PackageManager: Package com.google.android.gms desires unavailable shared library com.google.android.ble; ignoring!
01-25 11:33:17.910 1888-1888/system_process I/PackageManager: Adjusting ABI for : com.google.android.gsf.login to x86
01-25 11:33:17.910 939-939/? E/installd: invalid apk path '/system/priv-app/GoogleLoginService.apk' (bad prefix)
01-25 11:33:17.911 1888-1888/system_process I/PackageManager: Adjusting ABI for : com.google.android.gsf to x86
