01-25 11:33:24.081 1888-1888/system_process I/auditd: type=1400 audit(0.0:2ran avc:  granted  { getattr } for  comm="system_server" path="/cache/backup" dev="mtdblock2" ino=257 scontext=u:rerver:s0 tcontext=u:object_r:unlabeled:nlabeled:s0 tclass=dir
01-25 11:33:24.081 1888-1888/system_process I/auditd: type=1400 audit(0.0:2ran avc:  granted  { search } for  comm="system_server" name="backup" dk2" ino=257 scontext=7 scontext=u:r:system_server:s0 tcontext=u:object_r:un0 tclas:s0 tclass=dir
01-25 11:33:24.081 1888-1888/system_process I/auditd: type=1400 audit(0.0:2ran avc:  granted  { search } for  comm="system_server" name="backup" dk2" ino=257 scontext=7 scontext=u:r:system_server:s0 tcontext=u:object_r:un0 tclas:s0 tclass=dir
01-25 11:33:24.081 1888-1888/system_process I/auditd: type=1400 audit(0.0:3ran avc:  granted  { search } for  comm="system_server" name="backup" dk2" ino=257 scontext=7 scontext=u:r:system_server:s0 tcontext=u:object_r:un0 tclas:s0 tclass=dir
01-25 11:33:24.131 941-941/? I/art: Explicit concurrent mark sweep GC freed 5(160B) AllocSpace objects, 0(0B) LOS objects, 1604% free, 926KB/3MB, paused 21.580ms total 56.762ms
01-25 11:33:24.188 941-941/? I/art: Explicit concurrent mark sweep GC freed 5(160B) AllocSpace objects, 0(0B) LOS objects, 1604% free, 926KB/3MB, paused 30.726ms total 41.001ms
01-25 11:33:25.504 2460-2460/? D/AndroidRuntime: CheckJNI is ON
01-25 11:33:25.560 2460-2460/? E/memtrack: Couldn't load memtrack module (No such file or directory)
01-25 11:33:25.560 2460-2460/? E/android.os.Debug: failed to load memtrack module: -2
01-25 11:33:25.597 2460-2460/? D/AndroidRuntime: Calling main entry com.android.commands.pm.Pm
01-25 11:33:25.711 2436-2436/? I/dex2oat: /system/bin/dex2oat --zip-fd=6 --zip-location=/system/priv-app/PrebuiltGmsCore.apk --oat-fd=7 --oat-location=/data/dalvik-cache/x86/system@priv-app@PrebuiltGmsCore.apk@classes.dex --profile-file=/data/dalvik-cache/profiles/com.google.android.gms --instruction-set=x86 --compiler-filter=interpret-only
01-25 11:33:28.030 2292-2305/android.process.media I/art: Heap transition to ProcessStateJankImperceptible took 87.009370ms saved at least 212KB
01-25 11:33:28.150 2317-2330/com.android.inputmethod.latin I/art: Heap transition to ProcessStateJankImperceptible took 6.889099ms saved at least 99KB
01-25 11:33:33.134 1888-1925/system_process E/RemotePrintSpooler: Error removing obsolete print jobs .
                                                                  java.util.concurrent.TimeoutException: Cannot get spooler!
                                                                      at com.android.server.print.RemotePrintSpooler.bindLocked(RemotePrintSpooler.java:376)
                                                                      at com.android.server.print.RemotePrintSpooler.getRemoteInstanceLazy(RemotePrintSpooler.java:352)
                                                                      at com.android.server.print.RemotePrintSpooler.removeObsoletePrintJobs(RemotePrintSpooler.java:287)
                                                                      at com.android.server.print.UserState.removeObsoletePrintJobs(UserState.java:164)
                                                                      at com.android.server.print.PrintManagerService$PrintManagerImpl$1.run(PrintManagerService.java:127)
                                                                      at android.os.Handler.handleCallback(Handler.java:738)
                                                                      at android.os.Handler.dispatchMessage(Handler.java:95)
                                                                      at android.os.Looper.loop(Looper.java:135)
                                                                      at android.os.HandlerThread.run(HandlerThread.java:61)
01-25 11:33:35.580 2436-2436/? I/dex2oat: dex2oat took 9.792090446s (threads: 1)
01-25 11:33:35.582 1888-1904/system_process I/am_create_service: [0,969084828,.NetworkLocationService,10007,2364]
01-25 11:33:35.584 1888-1904/system_process I/am_create_service: [0,897015205,.FusedLocationService,10007,2364]
01-25 11:33:35.585 1888-1904/system_process I/am_create_service: [0,888755578,.GeocodeService,10007,2364]
01-25 11:33:35.593 1888-2403/system_process I/am_proc_bound: [0,2405,com.android.phone]
01-25 11:33:35.595 1888-1925/system_process I/am_destroy_service: [0,969084828,2364]
01-25 11:33:35.596 1888-1925/system_process I/am_create_service: [0,849686305,.NetworkLocationService,10007,2364]
01-25 11:33:35.597 1888-1925/system_process I/am_destroy_service: [0,897015205,2364]
01-25 11:33:35.598 1888-1925/system_process I/am_create_service: [0,126334516,.FusedLocationService,10007,2364]
01-25 11:33:35.598 1888-1925/system_process I/am_destroy_service: [0,888755578,2364]
01-25 11:33:35.599 1888-1925/system_process I/am_create_service: [0,455748259,.GeocodeService,10007,2364]
01-25 11:33:35.600 1888-2402/system_process I/am_proc_bound: [0,2426,com.android.launcher]
01-25 11:33:35.601 1888-2402/system_process I/am_restart_activity: [0,813915629,1,com.android.launcher/com.android.launcher2.Launcher]
01-25 11:33:35.606 2426-2442/? I/art: Profiler disabled.  To enable setprop dalvik.vm.profiler 1
01-25 11:33:35.627 2364-2364/com.google.process.location W/ResourcesManager: Asset path '/system/framework/com.android.media.remotedisplay.jar' does not exist or contains no resources.
01-25 11:33:35.627 2364-2364/com.google.process.location W/ResourcesManager: Asset path '/system/framework/com.android.location.provider.jar' does not exist or contains no resources.
01-25 11:33:35.636 1888-1888/system_process D/WifiScanningService: SCAN_AVAILABLE : 1
01-25 11:33:35.638 2196-2196/com.android.systemui V/SystemUIService: Starting SystemUI services.
01-25 11:33:35.638 1888-2217/system_process I/am_proc_bound: [0,2386,com.android.telecomm]
01-25 11:33:35.640 1888-2423/system_process I/am_create_service: [0,422235647,.DownloadService,10005,2292]
01-25 11:33:35.641 1888-2189/system_process D/WifiScanningService: DefaultState got{ when=-4ms what=160007 target=com.android.internal.util.StateMachine$SmHandler }
01-25 11:33:35.716 941-941/? I/art: Background concurrent mark sweep GC freed 81(3024B) AllocSpace objects, 0(0B) LOS objects, 1603% free, 926KB/3MB, paused 8.014ms total 58.574ms
01-25 11:33:35.718 1888-1959/system_process I/am_proc_start: [0,2490,10003,com.android.defcontainer,service,com.android.defcontainer/.DefaultContainerService]
01-25 11:33:35.718 1888-1959/system_process I/ActivityManager: Start proc com.android.defcontainer for service com.android.defcontainer/.DefaultContainerService: pid=2490 uid=10003 gids={50003, 1028, 1015, 1023, 2001, 1035}
01-25 11:33:35.746 1888-1904/system_process I/notification_cancel_all: [10005,2292,com.android.providers.downloads,0,0,64,9,NULL]
01-25 11:33:35.769 1888-2402/system_process I/am_proc_start: [0,2511,10006,com.android.externalstorage,broadcast,com.android.externalstorage/.MountReceiver]
01-25 11:33:35.769 1888-2402/system_process I/ActivityManager: Start proc com.android.externalstorage for broadcast com.android.externalstorage/.MountReceiver: pid=2511 uid=10006 gids={50006, 1028, 1015, 1023}
01-25 11:33:35.770 1888-2457/system_process I/am_proc_bound: [0,2490,com.android.defcontainer]
01-25 11:33:35.771 1888-2457/system_process I/am_create_service: [0,923930922,.DefaultContainerService,10003,2490]
01-25 11:33:35.772 2490-2507/com.android.defcontainer I/art: Profiler disabled.  To enable setprop dalvik.vm.profiler 1
01-25 11:33:35.802 1888-1888/system_process I/Choreographer: Skipped 864 frames!  The application may be doing too much work on its main thread.
01-25 11:33:35.826 1888-2217/system_process I/am_proc_bound: [0,2511,com.android.externalstorage]
01-25 11:33:35.827 2511-2526/com.android.externalstorage I/art: Profiler disabled.  To enable setprop dalvik.vm.profiler 1
01-25 11:33:35.835 1888-1888/system_process W/InputMethodManagerService: Focus gain on non-focused client android.view.inputmethod.InputMethodManager$1@1d56a671 (uid=1000 pid=1888)
01-25 11:33:35.836 1888-1888/system_process V/WiredAccessoryManager: init()
01-25 11:33:35.864 2511-2511/com.android.externalstorage D/ExternalStorage: After updating volumes, found 1 active roots
01-25 11:33:35.865 2511-2511/com.android.externalstorage D/ExternalStorage: After updating volumes, found 1 active roots
01-25 11:33:35.867 2292-2292/android.process.media D/MediaScannerReceiver: action: android.intent.action.MEDIA_MOUNTED path: /storage/sdcard
01-25 11:33:35.868 1888-2423/system_process I/am_create_service: [0,456556023,.MediaScannerService,10005,2292]
01-25 11:33:35.900 1888-2456/system_process I/am_proc_start: [0,2536,10007,com.google.android.gms,broadcast,com.google.android.gms/com.google.android.location.internal.NlpNetworkProviderSettingsUpdateReceiver]
01-25 11:33:35.900 1888-2456/system_process I/ActivityManager: Start proc com.google.android.gms for broadcast com.google.android.gms/com.google.android.location.internal.NlpNetworkProviderSettingsUpdateReceiver: pid=2536 uid=10007 gids={50007, 3003, 1028, 1015, 3002, 3001, 1007, 2001, 3006}
01-25 11:33:35.912 1888-2475/system_process I/am_proc_bound: [0,2536,com.google.android.gms]
01-25 11:33:35.921 2536-2536/? W/ResourcesManager: Asset path '/system/framework/com.android.media.remotedisplay.jar' does not exist or contains no resources.
01-25 11:33:35.921 2536-2536/com.google.android.gms W/ResourcesManager: Asset path '/system/framework/com.android.location.provider.jar' does not exist or contains no resources.
01-25 11:33:35.988 935-1170/? D/PermissionCache: checking android.permission.HARDWARE_TEST for uid=1000 => granted (72 us)
01-25 11:33:35.991 1888-1888/system_process V/BackupManagerService: Connected to transport ComponentInfo{android/com.android.internal.backup.LocalTransportService}
01-25 11:33:35.991 1888-1888/system_process V/BackupManagerService: Registering transport android/com.android.internal.backup.LocalTransportService::android/com.android.internal.backup.LocalTransport = com.android.internal.backup.LocalTransport@126b12d0
01-25 11:33:36.025 1888-1959/system_process W/ActivityManager: No content provider found for permission revoke: file:///data/local/tmp/com.example.android.trivialdrivesample
01-25 11:33:36.027 1888-1959/system_process W/ActivityManager: No content provider found for permission revoke: file:///data/local/tmp/com.example.android.trivialdrivesample
01-25 11:33:36.027 1888-1959/system_process I/PackageManager: Copying native libraries to /data/app-lib/vmdl1572459337
01-25 11:33:36.203 2536-2536/com.google.android.gms I/MultiDex: install
01-25 11:33:36.204 2536-2536/com.google.android.gms I/MultiDex: MultiDexExtractor.load(/system/priv-app/PrebuiltGmsCore.apk, false)
01-25 11:33:36.244 2536-2536/com.google.android.gms I/MultiDex: loading existing secondary dex files
01-25 11:33:36.323 2536-2536/com.google.android.gms I/MultiDex: load found 1 secondary dex files
01-25 11:33:36.330 2568-2568/? I/dex2oat: /system/bin/dex2oat --runtime-arg -Xms64m --runtime-arg -Xmx64m --runtime-arg -classpath --runtime-arg  --runtime-arg -implicit-checks:none --instruction-set=x86 --instruction-set-features=default --boot-image=/system/framework/boot.art --dex-file=/data/data/com.google.android.gms/files/secondary-dexes/PrebuiltGmsCore.apk.classes2.zip --oat-fd=21 --oat-location=/data/data/com.google.android.gms/files/secondary-dexes/PrebuiltGmsCore.apk.classes2.dex --compiler-filter=interpret-only
01-25 11:33:36.595 2364-2364/com.google.process.location I/MultiDex: install
01-25 11:33:36.600 2364-2364/com.google.process.location I/MultiDex: MultiDexExtractor.load(/system/priv-app/PrebuiltGmsCore.apk, false)
01-25 11:33:36.632 2364-2364/com.google.process.location I/MultiDex: loading existing secondary dex files
01-25 11:33:36.635 2364-2364/com.google.process.location I/MultiDex: load found 1 secondary dex files
01-25 11:33:36.958 1888-2402/system_process I/am_destroy_service: [0,422235647,2292]
01-25 11:33:37.241 2426-2426/com.android.launcher W/Resources: Preloaded drawable resource #0x10d0000 (android:mipmap/sym_def_app_icon) that varies with configuration!!
01-25 11:33:37.270 2292-2535/android.process.media V/MediaScanner: pruneDeadThumbnailFiles... android.database.sqlite.SQLiteCursor@3dc3b2bd
01-25 11:33:37.272 2292-2535/android.process.media V/MediaScanner: /pruneDeadThumbnailFiles... android.database.sqlite.SQLiteCursor@3dc3b2bd
01-25 11:33:37.309 1888-2402/system_process I/am_destroy_service: [0,456556023,2292]
01-25 11:33:37.364 1888-1902/system_process I/art: Background sticky concurrent mark sweep GC freed 26076(2MB) AllocSpace objects, 14(372KB) LOS objects, 395% free, 8MB/14MB, paused 24.397ms total 1.162821s
01-25 11:33:37.437 2426-2426/com.android.launcher W/Resources: Preloaded drawable resource #0x10d0000 (android:mipmap/sym_def_app_icon) that varies with configuration!!
01-25 11:33:37.628 2317-2317/com.android.inputmethod.latin I/LatinIME: Hardware accelerated drawing: true
01-25 11:33:37.739 1888-2456/system_process I/am_create_service: [0,238947386,.RecentsService,10013,2196]
01-25 11:33:38.276 1888-1928/system_process I/ActivityManager: Force stopping com.example.android.trivialdrivesample appid=10056 user=-1: uninstall pkg
01-25 11:33:39.450 2426-2441/com.android.launcher I/art: Background sticky concurrent mark sweep GC freed 3681(315KB) AllocSpace objects, 4(194KB) LOS objects, 1180% free, 2MB/5MB, paused 1.690ms total 243.941ms
01-25 11:33:39.523 2196-2196/com.android.systemui D/VolumeUI: Registering volume controller
01-25 11:33:39.528 2317-2317/com.android.inputmethod.latin W/InputAttributes: No editor info for this field. Bug?
01-25 11:33:39.532 1888-1959/system_process I/PackageManager: Package com.example.android.trivialdrivesample codePath changed from /data/app/com.example.android.trivialdrivesample-2.apk to /data/app/com.example.android.trivialdrivesample-1.apk; Retaining data and using new
01-25 11:33:39.613 2317-2624/com.android.inputmethod.latin I/LatinIME:LogUtils: Dictionary info: dictionary = UserHistoryDictionary.en_US ; version = 1453739619 ; date = ?
01-25 11:33:39.623 2317-2625/com.android.inputmethod.latin I/LatinIME:LogUtils: Dictionary info: dictionary = PersonalizationDictionary.en_US ; version = 1453739619 ; date = ?
01-25 11:33:39.694 2317-2625/com.android.inputmethod.latin I/LatinIME:LogUtils: Dictionary info: dictionary = PersonalizationDictionary.en_US ; version = 1453739619 ; date = ?
01-25 11:33:39.712 1888-1959/system_process I/art: DexFile_isDexOptNeeded cache file /data/dalvik-cache/x86/data@app@com.example.android.trivialdrivesample-1.apk@classes.dex does not exist for /data/app/com.example.android.trivialdrivesample-1.apk: File size of 0 bytes not large enough to contain ELF header of 52 bytes: '/data/dalvik-cache/x86/data@app@com.example.android.trivialdrivesample-1.apk@classes.dex'
01-25 11:33:39.712 1888-1959/system_process I/PackageManager: Running dexopt on: com.example.android.trivialdrivesample
01-25 11:33:39.713 1888-2423/system_process I/am_proc_start: [0,2635,10002,android.process.acore,content provider,com.android.providers.userdictionary/.UserDictionaryProvider]
01-25 11:33:39.713 1888-2423/system_process I/ActivityManager: Start proc android.process.acore for content provider com.android.providers.userdictionary/.UserDictionaryProvider: pid=2635 uid=10002 gids={50002, 3003, 1028, 1015}
01-25 11:33:39.713 2317-2633/com.android.inputmethod.latin I/LatinIME:LogUtils: Dictionary info: dictionary = userunigram.en_US ; version = 1453739619 ; date = ?
01-25 11:33:39.714 2317-2634/com.android.inputmethod.latin I/LatinIME:LogUtils: Dictionary info: dictionary = contacts.en_US ; version = 1453739619 ; date = ?
01-25 11:33:39.754 1888-2403/system_process I/am_proc_bound: [0,2635,android.process.acore]
01-25 11:33:39.775 2652-2652/? I/dex2oat: /system/bin/dex2oat --zip-fd=6 --zip-location=/data/app/com.example.android.trivialdrivesample-1.apk --oat-fd=7 --oat-location=/data/dalvik-cache/x86/data@app@com.example.android.trivialdrivesample-1.apk@classes.dex --profile-file=/data/dalvik-cache/profiles/com.example.android.trivialdrivesample --instruction-set=x86 --compiler-filter=interpret-only
01-25 11:33:39.789 2635-2642/? E/art: Failed sending reply to debugger: Broken pipe
01-25 11:33:39.789 2635-2642/? I/art: Debugger is no longer active
01-25 11:33:39.826 2196-2196/com.android.systemui D/PowerUI.Notification: updateNotification mWarning=false mSaver=false mInvalidCharger=false
01-25 11:33:39.826 1888-1888/system_process I/notification_cancel: [10013,2196,com.android.systemui,100,low_battery,0,0,64,8,NULL]
01-25 11:33:39.827 2196-2196/com.android.systemui D/PowerUI.Notification: updateNotification mWarning=false mSaver=false mInvalidCharger=false
01-25 11:33:39.827 1888-1888/system_process I/notification_cancel: [10013,2196,com.android.systemui,100,low_battery,0,0,64,8,NULL]
01-25 11:33:39.879 1888-1888/system_process V/KeyguardServiceDelegate: *** Keyguard connected (yay!)
01-25 11:33:39.884 927-990/? D/VoldCmdListener: cryptfs getpw
01-25 11:33:39.904 927-990/? D/VoldCmdListener: cryptfs clearpw
01-25 11:33:39.952 2652-2652/? W/dex2oat: Before Android 4.1, method int android.support.v7.internal.widget.ListViewCompat.lookForSelectablePosition(int, boolean) would have incorrectly overridden the package-private method in android.widget.ListView
01-25 11:33:40.296 1888-2475/system_process I/StatusBarManagerService: registerStatusBar bar=com.android.internal.statusbar.IStatusBar$Stub$Proxy@2020c13e
01-25 11:33:40.378 1888-2131/system_process D/ConnectivityService: Got NetworkFactory Messenger for Telephony
01-25 11:33:40.379 1888-2131/system_process D/ConnectivityService: NetworkFactory connected
01-25 11:33:40.498 2426-2441/com.android.launcher I/art: Background partial concurrent mark sweep GC freed 1868(293KB) AllocSpace objects, 0(0B) LOS objects, 1088% free, 3MB/5MB, paused 2.005ms total 293.776ms
01-25 11:33:40.600 2364-2378/com.google.process.location I/art: Heap transition to ProcessStateJankImperceptible took 7.178296ms saved at least 207KB
01-25 11:33:40.840 2511-2524/com.android.externalstorage I/art: Heap transition to ProcessStateJankImperceptible took 6.674619ms saved at least 101KB
01-25 11:33:40.864 1888-2457/system_process I/am_destroy_service: [0,903075918,2334]
01-25 11:33:40.931 2536-2549/com.google.android.gms I/art: Heap transition to ProcessStateJankImperceptible took 7.485009ms saved at least 206KB
01-25 11:33:41.377 2426-2426/com.android.launcher I/am_on_resume_called: [0,com.android.launcher2.Launcher]
01-25 11:33:41.394 2426-2700/com.android.launcher D/CanvasContext: Render dirty regions requested: true
01-25 11:33:41.433 2426-2700/com.android.launcher I/CanvasContext: Initialized EGL, version 1.4
01-25 11:33:41.469 1888-1903/system_process I/PackageManager: Adding preferred activity ComponentInfo{com.android.mms/com.android.mms.ui.ComposeMessageActivity} for user 0 :
01-25 11:33:41.469 1888-1903/system_process I/PackageManager:   Action: "android.intent.action.SENDTO"
01-25 11:33:41.469 1888-1903/system_process I/PackageManager:   Category: "android.intent.category.DEFAULT"
01-25 11:33:41.469 1888-1903/system_process I/PackageManager:   Scheme: "sms"
01-25 11:33:41.644 2426-2700/com.android.launcher D/OpenGLRenderer: Enabling debug mode 0
01-25 11:33:41.654 2426-2700/com.android.launcher W/EGL_emulation: eglSurfaceAttrib not implemented
01-25 11:33:41.654 2426-2700/com.android.launcher W/CanvasContext: Failed to set EGL_SWAP_BEHAVIOR on surface 0xb90e33a0, error=EGL_SUCCESS
01-25 11:33:41.895 1888-1942/system_process I/am_activity_launch_time: [0,813915629,com.android.launcher/com.android.launcher2.Launcher,18156,18156]
01-25 11:33:41.896 1888-1942/system_process I/ActivityManager: Displayed com.android.launcher/com.android.launcher2.Launcher: +18s156ms
01-25 11:33:42.364 2317-2695/com.android.inputmethod.latin I/LatinIME:LogUtils: Dictionary info: dictionary = main:en ; version = 45 ; date = 1400639659
01-25 11:33:43.098 2635-2694/android.process.acore I/ContactLocale: AddressBook Labels [en-US]: [, A, B, C, D, E, F, G, H, I, J, K, L, M, N, O, P, Q, R, S, T, U, V, W, X, Y, Z, , , , , , , , , , , , , , , , , , , , , , , , , , , , , , , , , , , , , , , , , , , , , , , , , , , , , , , , , , , , , , , , , , , , , , , , , , , , , , , , , , , , , , , , , , , , , , , , , , , , , , , , , , , , , , , , , , , , , , , , , , , , , , , , , , , , , , , , , , , , , , , , , , , , , , , , , , , , , , , , , , , , , , , , , , , , , , , , , , , , , , , , , , , , #, ]
01-25 11:33:44.771 2635-2646/android.process.acore I/art: Heap transition to ProcessStateJankImperceptible took 7.998749ms saved at least 529KB
01-25 11:33:44.963 1888-2720/system_process I/AppWidgetServiceImpl: u=0: getAppWidgetViews id=2
01-25 11:33:44.964 1888-2475/system_process I/PackageManager: Adding preferred activity ComponentInfo{com.android.mms/com.android.mms.ui.ComposeMessageActivity} for user 0 :
01-25 11:33:44.964 1888-2475/system_process I/PackageManager:   Action: "android.intent.action.SENDTO"
01-25 11:33:44.964 1888-2475/system_process I/PackageManager:   Category: "android.intent.category.DEFAULT"
01-25 11:33:44.964 1888-2475/system_process I/PackageManager:   Scheme: "smsto"
01-25 11:33:45.270 1888-2402/system_process I/PackageManager: Adding preferred activity ComponentInfo{com.android.mms/com.android.mms.ui.ComposeMessageActivity} for user 0 :
01-25 11:33:45.270 1888-2402/system_process I/PackageManager:   Action: "android.intent.action.SENDTO"
01-25 11:33:45.270 1888-2402/system_process I/PackageManager:   Category: "android.intent.category.DEFAULT"
01-25 11:33:45.270 1888-2402/system_process I/PackageManager:   Scheme: "mms"
01-25 11:33:45.319 1888-1904/system_process I/PackageManager: Adding preferred activity ComponentInfo{com.android.mms/com.android.mms.ui.ComposeMessageActivity} for user 0 :
01-25 11:33:45.319 1888-1904/system_process I/PackageManager:   Action: "android.intent.action.SENDTO"
01-25 11:33:45.319 1888-1904/system_process I/PackageManager:   Category: "android.intent.category.DEFAULT"
01-25 11:33:45.319 1888-1904/system_process I/PackageManager:   Scheme: "mmsto"
01-25 11:33:45.429 1888-2402/system_process I/am_create_service: [0,2773131,.TelephonyDebugService,1001,2405]
01-25 11:33:45.434 2405-2405/com.android.phone E/BluetoothAdapter: Bluetooth binder is null
01-25 11:33:45.479 2196-2210/com.android.systemui I/art: Background partial concurrent mark sweep GC freed 2053(266KB) AllocSpace objects, 1(464KB) LOS objects, 1340% free, 2032KB/4MB, paused 1.781ms total 204.189ms
01-25 11:33:45.503 2652-2652/? W/dex2oat: Verification of void android.support.v4.view.accessibility.AccessibilityNodeInfoCompat$AccessibilityNodeInfoJellybeanMr1Impl.setLabeledBy(java.lang.Object, android.view.View, int) took 100.532074ms
01-25 11:33:45.541 2426-2426/com.android.launcher I/Choreographer: Skipped 208 frames!  The application may be doing too much work on its main thread.
01-25 11:33:45.613 1888-1928/system_process I/boot_progress_enable_screen: 91628
01-25 11:33:45.613 1888-1928/system_process I/screen_toggled: 1
01-25 11:33:45.614 1888-1938/system_process V/KeyguardServiceDelegate: onScreenTurnedOn(showListener = com.android.internal.policy.impl.PhoneWindowManager$2@38f6e980)
01-25 11:33:45.634 1888-2217/system_process I/AppWidgetServiceImpl: u=0: getAppWidgetViews id=1
01-25 11:33:45.751 2405-2405/com.android.phone E/BluetoothAdapter: Bluetooth binder is null
01-25 11:33:45.822 2635-2646/android.process.acore I/art: Heap transition to ProcessStateJankPerceptible took 386.608278ms saved at least -24KB
01-25 11:33:45.880 2334-2347/com.android.printspooler I/art: Heap transition to ProcessStateJankImperceptible took 6.335125ms saved at least 205KB
01-25 11:33:45.941 2405-2405/com.android.phone D/CallNotifier: CallNotifier: mSignalInfoToneGenerator created when toneplay
01-25 11:33:45.941 2405-2405/com.android.phone E/BluetoothAdapter: Bluetooth binder is null
01-25 11:33:45.975 2405-2405/com.android.phone I/Telephony: TelephonyGlobals: Default phone: Handler (com.android.internal.telephony.PhoneProxy) {dd3cb3f}.
01-25 11:33:45.975 2405-2405/com.android.phone I/Telephony: TelephonyGlobals: Registering the GSM listener.
01-25 11:33:45.976 2405-2405/com.android.phone I/Telephony: IncomingCallNotifier: Registering: Handler (com.android.internal.telephony.gsm.GSMPhone) {27c0c836}
01-25 11:33:45.977 2405-2405/com.android.phone I/Telephony: TelephonyGlobals: Registering the CDMA listener.
01-25 11:33:45.979 2405-2405/com.android.phone I/gsm_service_state_change: [1,1,3,3]
01-25 11:33:45.996 2405-2405/com.android.phone D/TelephonyNetworkFactory: got request NetworkRequest [ id=1, legacyType=-1, [ Capabilities: INTERNET&NOT_RESTRICTED] ] with score 0
01-25 11:33:45.996 2405-2405/com.android.phone D/TelephonyNetworkFactory:   my score=50, my filter=[ Transports: CELLULAR Capabilities: MMS&SUPL&DUN&FOTA&IMS&CBS&IA&RCS&XCAP&EIMS&INTERNET&NOT_RESTRICTED]
01-25 11:33:45.996 2405-2405/com.android.phone D/TelephonyNetworkFactory: Cellular needs Network for NetworkRequest [ id=1, legacyType=-1, [ Capabilities: INTERNET&NOT_RESTRICTED] ]
01-25 11:33:46.062 2196-2210/com.android.systemui I/art: Background sticky concurrent mark sweep GC freed 4208(241KB) AllocSpace objects, 0(0B) LOS objects, 875% free, 4MB/6MB, paused 1.625ms total 127.374ms
01-25 11:33:46.158 2405-2405/com.android.phone D/TelephonyDebugService: TelephonyDebugService()
01-25 11:33:46.228 1888-1888/system_process I/notification_cancel: [1001,2405,com.android.phone,5,NULL,0,0,64,8,NULL]
01-25 11:33:46.228 1888-1888/system_process I/notification_cancel: [1001,2405,com.android.phone,6,NULL,0,0,64,8,NULL]
01-25 11:33:46.235 1888-2125/system_process D/WifiService: New client listening to asynchronous messages
01-25 11:33:46.237 2196-2196/com.android.systemui E/BluetoothAdapter: Bluetooth binder is null
01-25 11:33:46.237 2196-2196/com.android.systemui E/BluetoothAdapter: Bluetooth binder is null
01-25 11:33:46.238 2196-2196/com.android.systemui E/BluetoothAdapter: Bluetooth binder is null
01-25 11:33:46.315 2196-2770/com.android.systemui D/CanvasContext: Render dirty regions requested: true
01-25 11:33:46.317 2196-2196/com.android.systemui D/PhoneStatusBar: disable: < expand icons alerts system_info back HOME* RECENT* clock SEARCH* >
01-25 11:33:46.390 2405-2405/com.android.phone I/gsm_service_state_change: [3,3,0,0]
01-25 11:33:46.424 2405-2405/com.android.phone D/MccTable: updateMccMncConfiguration: mcc=310, mnc=260
01-25 11:33:46.424 2405-2405/com.android.phone D/MccTable: getLocaleFromMcc to en_us mcc=310
01-25 11:33:46.424 2405-2405/com.android.phone D/MccTable: getLocaleForLanguageCountry: skipping already persisted
01-25 11:33:46.424 2405-2405/com.android.phone D/MccTable: getLocaleForLanguageCountry: X locale=null
01-25 11:33:46.424 2405-2405/com.android.phone D/MccTable: WIFI_COUNTRY_CODE set to us
01-25 11:33:46.442 1888-2125/system_process D/WifiService: New client listening to asynchronous messages
01-25 11:33:46.473 1888-2475/system_process I/WifiService: WifiService trying to set country code to us with persist set to true
01-25 11:33:46.499 2196-2196/com.android.systemui E/BluetoothAdapter: Bluetooth binder is null
01-25 11:33:46.501 2196-2196/com.android.systemui D/PhoneStatusBar: heads up is enabled
01-25 11:33:46.506 1888-2456/system_process I/force_gc: Binder
01-25 11:33:46.553 1888-2423/system_process D/AlarmManagerService: Kernel timezone updated to 300 minutes west of GMT
01-25 11:33:46.654 1888-2456/system_process I/art: Explicit concurrent mark sweep GC freed 33986(4MB) AllocSpace objects, 18(785KB) LOS objects, 347% free, 8MB/16MB, paused 62.007ms total 142.800ms
01-25 11:33:46.656 2196-2196/com.android.systemui I/PowerUI.Notification: dismissing low battery warning: level=50
01-25 11:33:46.656 2196-2196/com.android.systemui I/PowerUI.Notification: dismissing low battery notification
01-25 11:33:46.656 2196-2196/com.android.systemui D/PowerUI.Notification: updateNotification mWarning=false mSaver=false mInvalidCharger=false
01-25 11:33:46.657 1888-1888/system_process I/notification_cancel: [10013,2196,com.android.systemui,100,low_battery,0,0,64,8,NULL]
01-25 11:33:46.658 1888-2719/system_process I/notification_panel_revealed: []
01-25 11:33:46.659 2196-2196/com.android.systemui D/PhoneStatusBar: disable: < expand ICONS* alerts SYSTEM_INFO* back HOME RECENT clock SEARCH >
01-25 11:33:46.760 1888-1888/system_process I/notification_cancel: [1001,2405,com.android.phone,7,NULL,0,0,64,8,NULL]
01-25 11:33:46.811 2405-2420/com.android.phone I/art: Background sticky concurrent mark sweep GC freed 9094(643KB) AllocSpace objects, 2(32KB) LOS objects, 940% free, 2MB/6MB, paused 1.502ms total 255.874ms
01-25 11:33:46.881 2405-2405/com.android.phone D/MccTable: updateMccMncConfiguration: mcc=310, mnc=260
01-25 11:33:46.881 2405-2405/com.android.phone D/MccTable: getLocaleFromMcc to en_us mcc=310
01-25 11:33:46.882 2405-2405/com.android.phone D/MccTable: getLocaleForLanguageCountry: skipping already persisted
01-25 11:33:46.882 2405-2405/com.android.phone D/MccTable: getLocaleForLanguageCountry: X locale=null
01-25 11:33:46.882 2405-2405/com.android.phone D/MccTable: updateMccMncConfiguration updateConfig config={1.0 310mcc260mnc ?locale ?layoutDir ?swdp ?wdp ?hdp ?density ?lsize ?long ?orien ?uimode ?night ?touch ?keyb/?/? ?nav/?}
01-25 11:33:46.884 1888-2402/system_process I/configuration_changed: 3
01-25 11:33:46.884 1888-2402/system_process I/ActivityManager: Config changes=3 {1.0 310mcc260mnc en_US ldltr sw360dp w360dp h567dp 480dpi nrml port finger qwerty/v/v -nav/h s.5}
01-25 11:33:46.891 935-1170/? D/PermissionCache: checking android.permission.READ_FRAME_BUFFER for uid=1000 => granted (129 us)
01-25 11:33:46.892 935-1170/? E/gralloc_goldfish: gralloc_alloc: Mismatched usage flags: 1080 x 1920, usage b33
01-25 11:33:46.892 935-1170/? W/GraphicBufferAllocator: alloc(1080, 1920, 1, 00000b33, ...) failed -22 (Invalid argument)
01-25 11:33:46.892 935-1170/? E/BufferQueueProducer: [ScreenshotSurface] dequeueBuffer: createGraphicBuffer failed
01-25 11:33:46.892 1888-2402/system_process I/am_relaunch_resume_activity: [0,813915629,1,com.android.launcher/com.android.launcher2.Launcher]
01-25 11:33:46.896 1888-1888/system_process I/AppWidgetServiceImpl: u=0: Got onConfigurationChanged()
01-25 11:33:46.898 1888-1888/system_process I/AppWidgetServiceImpl: u=0: cancelBroadcasts for Provider{ComponentInfo{com.android.deskclock/com.android.alarmclock.AnalogAppWidgetProvider}}
01-25 11:33:46.898 1888-1888/system_process I/AppWidgetServiceImpl: u=0: cancelBroadcasts for Provider{ComponentInfo{com.android.deskclock/com.android.alarmclock.AnalogAppWidgetProvider}}
01-25 11:33:46.899 1888-1888/system_process I/AppWidgetServiceImpl: u=0: cancelBroadcasts for Provider{ComponentInfo{com.android.settings/com.android.settings.widget.SettingsAppWidgetProvider}}
01-25 11:33:46.999 1888-1888/system_process I/notification_cancel: [1001,2405,com.android.phone,5,NULL,0,0,64,8,NULL]
01-25 11:33:47.000 1888-1888/system_process I/notification_cancel: [1001,2405,com.android.phone,6,NULL,0,0,64,8,NULL]
01-25 11:33:47.111 2652-2652/? W/dex2oat: Compilation of int android.support.v4.graphics.drawable.DrawableCompat.getLayoutDirection(android.graphics.drawable.Drawable) took 108.375753ms
01-25 11:33:47.198 2426-2426/com.android.launcher I/am_on_paused_called: [0,com.android.launcher2.Launcher]
01-25 11:33:47.217 2196-2210/com.android.systemui I/art: Background sticky concurrent mark sweep GC freed 5447(469KB) AllocSpace objects, 0(0B) LOS objects, 485% free, 7MB/11MB, paused 1.806ms total 175.723ms
01-25 11:33:47.299 1888-1888/system_process I/notification_cancel: [1001,2405,com.android.phone,7,NULL,0,0,64,8,NULL]
01-25 11:33:47.311 2719-2719/? I/auditd: type=1400 audit(0.0:3eni avc:  denied  { 0x10 } for  cor_A"Binder_A" capabilntext=u:r:system_server:s0 tcontext=u tcontext=u:r:system_server:s0 tclass=capability2
01-25 11:33:47.308 2405-2666/com.android.phone D/DcNetworkAgent: NetworkAgent: Registering NetworkAgent
01-25 11:33:47.318 1888-2403/system_process D/ConnectivityService: registerNetworkAgent NetworkAgentInfo{ ni{[type: Cellular[UMTS], state: CONNECTED/CONNECTED, reason: connected, extra: epc.tmobile.com, roaming: false, failover: false, isAvailable: true, isConnectedToProvisioningNetwork: false]}  network{android.net.Network@6e}  lp{{InterfaceName: eth0 LinkAddresses: [10.0.2.15/32,]  Routes: [0.0.0.0/0 -> 10.0.2.2 eth0,] DnsAddresses: [10.0.2.3,] Domains: null MTU: 0}}  nc{[ Transports: CELLULAR Capabilities: MMS&SUPL&FOTA&IMS&CBS&IA&INTERNET&NOT_RESTRICTED LinkUpBandwidth>=384Kbps LinkDnBandwidth>=384Kbps]}  Score{50} }
01-25 11:33:47.318 1888-2131/system_process D/ConnectivityService: Got NetworkAgent Messenger
01-25 11:33:47.318 1888-2131/system_process D/ConnectivityService: NetworkAgentInfo [Cellular (UMTS)] EVENT_NETWORK_INFO_CHANGED, going from null to CONNECTED
01-25 11:33:47.325 2847-2847/? E/logwrapper: executing /system/bin/ip failed: No such file or directory
01-25 11:33:47.334 935-935/? I/sf_frame_dur: [com.android.launcher/com.android.launcher2.Launcher,1,2,0,1,0,2,1]
01-25 11:33:47.351 932-1239/? E/NetworkController: failed to add interface eth0 to netId 10
01-25 11:33:47.364 1888-1888/system_process I/notification_cancel: [1001,2405,com.android.phone,7,NULL,0,0,64,8,NULL]
01-25 11:33:47.368 1888-2131/system_process E/ConnectivityService: Exception adding interface: java.lang.IllegalStateException: command '5 network addiface 10 eth0' failed with '400 5 addInterfaceToNetwork() failed (Success)'
01-25 11:33:47.368 1888-2131/system_process E/ConnectivityService: Unexpected mtu value: 0, eth0
01-25 11:33:47.369 932-1239/? E/NetworkController: netId 10 has no such interface eth0
01-25 11:33:47.375 1888-2131/system_process E/ConnectivityService: Exception in addRoute for gateway: java.lang.IllegalStateException: command '6 network route add 10 eth0 0.0.0.0/0 10.0.2.2' failed with '400 6 addRoute() failed (No such file or directory)'
01-25 11:33:47.376 1888-2131/system_process D/Nat464Xlat: requiresClat: netType=0, hasIPv4Address=true
01-25 11:33:47.376 1888-2131/system_process D/ConnectivityService: notifyType 524289 for NetworkAgentInfo [Cellular (UMTS)]
01-25 11:33:47.383 1888-2131/system_process D/ConnectivityService: NetworkAgent connected
01-25 11:33:47.384 2405-2666/com.android.phone D/DcNetworkAgent: NetworkAgent: NetworkAgent fully connected
01-25 11:33:47.393 1888-2845/system_process D/NetworkMonitorNetworkAgentInfo[Cellular(UMTS)]: OfflineState{ when=-17ms what=532481 target=com.android.internal.util.StateMachine$SmHandler }
01-25 11:33:47.393 1888-2845/system_process D/NetworkMonitorNetworkAgentInfo[Cellular(UMTS)]: DefaultState{ when=-17ms what=532481 target=com.android.internal.util.StateMachine$SmHandler }
01-25 11:33:47.393 1888-2845/system_process D/NetworkMonitorNetworkAgentInfo[Cellular(UMTS)]: Connected
01-25 11:33:47.394 1888-2845/system_process D/NetworkMonitorNetworkAgentInfo[Cellular(UMTS)]: EvaluatingState{ when=-1ms what=532487 arg1=1 target=com.android.internal.util.StateMachine$SmHandler }
01-25 11:33:47.394 1888-2845/system_process D/NetworkMonitorNetworkAgentInfo[Cellular(UMTS)]: Validated
01-25 11:33:47.394 1888-2845/system_process D/NetworkMonitorNetworkAgentInfo[Cellular(UMTS)]: ValidatedState{ when=0 what=532488 arg1=1 arg2=204 target=com.android.internal.util.StateMachine$SmHandler }
01-25 11:33:47.394 1888-2845/system_process D/NetworkMonitorNetworkAgentInfo[Cellular(UMTS)]: DefaultState{ when=0 what=532488 arg1=1 arg2=204 target=com.android.internal.util.StateMachine$SmHandler }
01-25 11:33:47.395 1888-2131/system_process D/ConnectivityService: handleConnectionValidated for NetworkAgentInfo [Cellular (UMTS)]
01-25 11:33:47.395 1888-2131/system_process D/ConnectivityService:  new Network has: [ Transports: CELLULAR Capabilities: MMS&SUPL&FOTA&IMS&CBS&IA&INTERNET&NOT_RESTRICTED LinkUpBandwidth>=384Kbps LinkDnBandwidth>=384Kbps]
01-25 11:33:47.395 1888-2131/system_process D/ConnectivityService:   checking if request is satisfied: NetworkRequest [ id=1, legacyType=-1, [ Capabilities: INTERNET&NOT_RESTRICTED] ]
01-25 11:33:47.395 1888-2131/system_process D/ConnectivityService: currentScore = 0, newScore = 50
01-25 11:33:47.395 1888-2131/system_process D/ConnectivityService:    accepting network in place of null
01-25 11:33:47.395 1888-2131/system_process D/ConnectivityService: sending new Min Network Score(50): NetworkRequest [ id=1, legacyType=-1, [ Capabilities: INTERNET&NOT_RESTRICTED] ]
01-25 11:33:47.396 2405-2405/com.android.phone D/TelephonyNetworkFactory: got request NetworkRequest [ id=1, legacyType=-1, [ Capabilities: INTERNET&NOT_RESTRICTED] ] with score 50
01-25 11:33:47.397 2405-2405/com.android.phone D/TelephonyNetworkFactory:   my score=50, my filter=[ Transports: CELLULAR Capabilities: MMS&SUPL&DUN&FOTA&IMS&CBS&IA&RCS&XCAP&EIMS&INTERNET&NOT_RESTRICTED]
01-25 11:33:47.397 1888-2131/system_process D/ConnectivityService: Adding agent NetworkAgentInfo{ ni{[type: Cellular[UMTS], state: CONNECTED/CONNECTED, reason: connected, extra: epc.tmobile.com, roaming: false, failover: false, isAvailable: true, isConnectedToProvisioningNetwork: false]}  network{android.net.Network@6e}  lp{{InterfaceName: eth0 LinkAddresses: [10.0.2.15/32,]  Routes: [0.0.0.0/0 -> 10.0.2.2 eth0,] DnsAddresses: [10.0.2.3,] Domains: null MTU: 0}}  nc{[ Transports: CELLULAR Capabilities: MMS&SUPL&FOTA&IMS&CBS&IA&INTERNET&NOT_RESTRICTED LinkUpBandwidth>=384Kbps LinkDnBandwidth>=384Kbps]}  Score{50} } for legacy network type 0
01-25 11:33:47.397 1888-2131/system_process D/ConnectivityService: Sending connected broadcast for type 0isDefaultNetwork=true
01-25 11:33:47.397 1888-2131/system_process D/ConnectivityService: sendStickyBroadcast: action=android.net.conn.CONNECTIVITY_CHANGE_IMMEDIATE
01-25 11:33:47.397 1888-2131/system_process D/ConnectivityService: sendStickyBroadcastDelayed: delayMs=3000, action=android.net.conn.CONNECTIVITY_CHANGE
01-25 11:33:47.397 1888-2131/system_process D/ConnectivityService: Switching to new default network: NetworkAgentInfo{ ni{[type: Cellular[UMTS], state: CONNECTED/CONNECTED, reason: connected, extra: epc.tmobile.com, roaming: false, failover: false, isAvailable: true, isConnectedToProvisioningNetwork: false]}  network{android.net.Network@6e}  lp{{InterfaceName: eth0 LinkAddresses: [10.0.2.15/32,]  Routes: [0.0.0.0/0 -> 10.0.2.2 eth0,] DnsAddresses: [10.0.2.3,] Domains: null MTU: 0}}  nc{[ Transports: CELLULAR Capabilities: MMS&SUPL&FOTA&IMS&CBS&IA&INTERNET&NOT_RESTRICTED LinkUpBandwidth>=384Kbps LinkDnBandwidth>=384Kbps]}  Score{50} }
01-25 11:33:47.401 2861-2861/? I/auditd: type=1400 audit(0.0:3eni avc:  denied  { module_request } for  comm="iptables" kmod="ipt_IDLETIMER" scontext=u:r:netd:s0 tcontext=u:r:kernel:s0 tclass=system
01-25 11:33:47.431 2862-2862/? I/auditd: type=1400 audit(0.0:3eni avc:  denied  { module_request } for  comm="ip6tables" kmod="ip6t_IDLETIMER" sconte:s0 tr:netd:s0 tcontext=u:r:kernel:s0 tclass=system
01-25 11:33:47.437 932-1239/? V/IdletimerController: runCmd(/system/bin/ip6tables -t raw -A idletimer_raw_PREROUTING -i eth0 -j IDLETIMER --timeout 5 --label 0 --send_nl_msg 1) res_ipv4=1, res_ipv6=1
01-25 11:33:47.438 1888-2131/system_process E/ConnectivityService: Exception in setupDataActivityTracking java.lang.IllegalStateException: command '8 idletimer add eth0 5 0' failed with '400 8 Failed to add interface'
01-25 11:33:47.439 1888-2131/system_process D/ConnectivityService: notifyType 524290 for NetworkAgentInfo [Cellular (UMTS)]
01-25 11:33:47.439 1888-2131/system_process D/ConnectivityService:  sending notification for NetworkRequest [ id=1, legacyType=-1, [ Capabilities: INTERNET&NOT_RESTRICTED] ]
01-25 11:33:47.593 2196-2210/com.android.systemui I/art: Background partial concurrent mark sweep GC freed 892(104KB) AllocSpace objects, 2(270KB) LOS objects, 376% free, 10MB/14MB, paused 1.845ms total 363.392ms
01-25 11:33:47.872 935-2216/? I/SurfaceFlinger: Boot is finished (85648 ms)
01-25 11:33:47.881 2196-2196/com.android.systemui I/Choreographer: Skipped 101 frames!  The application may be doing too much work on its main thread.
01-25 11:33:47.974 935-935/? I/sf_frame_dur: [BootAnimation,4,40,774,39,2,0,0]
01-25 11:33:48.006 2426-2588/com.android.launcher W/ResourceType: No package identifier when getting value for resource number 0x00000000
01-25 11:33:48.039 2196-2770/com.android.systemui I/CanvasContext: Initialized EGL, version 1.4
01-25 11:33:48.054 2426-2588/com.android.launcher W/Resources: Preloaded drawable resource #0x1080093 (android:drawable/sym_def_app_icon) that varies with configuration!!
01-25 11:33:48.061 2196-2770/com.android.systemui D/OpenGLRenderer: Enabling debug mode 0
01-25 11:33:48.073 2196-2770/com.android.systemui W/EGL_emulation: eglSurfaceAttrib not implemented
01-25 11:33:48.074 2196-2770/com.android.systemui W/CanvasContext: Failed to set EGL_SWAP_BEHAVIOR on surface 0xb9097980, error=EGL_SUCCESS
01-25 11:33:48.089 1888-2125/system_process D/WifiService: New client listening to asynchronous messages
01-25 11:33:48.107 2426-2426/com.android.launcher I/am_on_resume_called: [0,com.android.launcher2.Launcher]
01-25 11:33:48.108 2426-2426/com.android.launcher D/Launcher.Model: Reload apps on config change. curr_mcc:310 prevmcc:0
01-25 11:33:48.109 2426-2426/com.android.launcher I/Choreographer: Skipped 47 frames!  The application may be doing too much work on its main thread.
01-25 11:33:48.134 2426-2700/com.android.launcher W/EGL_emulation: eglSurfaceAttrib not implemented
01-25 11:33:48.134 2426-2700/com.android.launcher W/CanvasContext: Failed to set EGL_SWAP_BEHAVIOR on surface 0xb9176650, error=EGL_SUCCESS
01-25 11:33:48.136 2426-2426/com.android.launcher I/Launcher.Model: not binding apps: no Launcher activity
01-25 11:33:48.282 1888-2217/system_process I/AppWidgetServiceImpl: u=0: getAppWidgetViews id=2
01-25 11:33:48.326 1888-2402/system_process I/AppWidgetServiceImpl: u=0: getAppWidgetViews id=1
01-25 11:33:48.680 2196-2196/com.android.systemui D/PhoneStatusBar: disable: < expand ICONS alerts SYSTEM_INFO BACK* HOME RECENT clock SEARCH >
01-25 11:33:48.682 1888-1903/system_process V/KeyguardServiceDelegate: **** SHOWN CALLED ****
01-25 11:33:48.682 1888-1903/system_process V/KeyguardServiceDelegate: **** SHOWN CALLED ****
01-25 11:33:48.694 1888-1942/system_process I/WindowManager: Screen frozen for +1s809ms due to Window{201ae63c u0 StatusBar}
01-25 11:33:48.839 2426-2441/com.android.launcher I/art: Background sticky concurrent mark sweep GC freed 1851(92KB) AllocSpace objects, 10(873KB) LOS objects, 291% free, 14MB/16MB, paused 1.800ms total 272.576ms
01-25 11:33:48.875 2426-2441/com.android.launcher I/art: Background partial concurrent mark sweep GC freed 5379(289KB) AllocSpace objects, 29(2MB) LOS objects, 356% free, 12MB/14MB, paused 14.017ms total 28.240ms
01-25 11:33:49.055 2196-2196/com.android.systemui D/PhoneStatusBar: disable: < expand ICONS alerts SYSTEM_INFO BACK HOME RECENT clock SEARCH >
01-25 11:33:49.058 2196-2196/com.android.systemui W/View: requestLayout() improperly called by com.android.systemui.statusbar.policy.Clock{2b46f9bd V.ED.... ......ID 48,48-275,72 #7f07006d app:id/clock} during layout: running second layout pass
01-25 11:33:49.058 2196-2196/com.android.systemui W/View: requestLayout() improperly called by android.widget.ImageView{327e1bb2 V.ED.... ......ID 0,0-59,54 #7f07009e app:id/mobile_signal} during layout: running second layout pass
01-25 11:33:49.058 2196-2196/com.android.systemui W/View: requestLayout() improperly called by android.widget.ImageView{9ce3703 V.ED.... ......ID 0,0-59,54 #7f07009f app:id/mobile_type} during layout: running second layout pass
01-25 11:33:49.058 2196-2196/com.android.systemui W/View: requestLayout() improperly called by com.android.keyguard.CarrierText{10e28680 V.ED.... ..S...ID 48,0-845,120 #7f0700ba app:id/keyguard_carrier_text} during layout: running second layout pass
01-25 11:33:49.059 2196-2196/com.android.systemui W/View: requestLayout() improperly called by android.widget.TextView{3c6e74b9 I.ED.... ......I. 0,0-12,56 #7f0700bc app:id/header_debug_info} during layout: running second layout pass
01-25 11:33:50.295 2652-2652/? I/dex2oat: dex2oat took 10.519402713s (threads: 1)
01-25 11:33:50.296 1888-1959/system_process W/PackageManager: Code path for pkg : com.example.android.trivialdrivesample changing from /data/app/com.example.android.trivialdrivesample-2.apk to /data/app/com.example.android.trivialdrivesample-1.apk
01-25 11:33:50.296 1888-1959/system_process W/PackageManager: Resource path for pkg : com.example.android.trivialdrivesample changing from /data/app/com.example.android.trivialdrivesample-2.apk to /data/app/com.example.android.trivialdrivesample-1.apk
01-25 11:33:50.298 1888-1928/system_process I/ActivityManager: Force stopping com.example.android.trivialdrivesample appid=10056 user=-1: update pkg
01-25 11:33:50.408 1888-2131/system_process D/ConnectivityService: sendStickyBroadcast: action=android.net.conn.CONNECTIVITY_CHANGE
01-25 11:33:50.429 1888-1959/system_process W/PackageManager: Unknown permission com.android.vending.BILLING in package com.example.android.trivialdrivesample
01-25 11:33:50.431 1888-1888/system_process D/JobScheduler.Conn: Received connectivity event: android.net.conn.CONNECTIVITY_CHANGE u0
01-25 11:33:50.432 1888-1941/system_process D/Tethering: MasterInitialState.processMessage what=3
01-25 11:33:50.455 1888-2235/system_process D/CaptivePortalTracker: NoActiveNetworkState{ when=-6ms what=1 obj=[type: Cellular[UMTS], state: CONNECTED/CONNECTED, reason: connected, extra: epc.tmobile.com, roaming: false, failover: false, isAvailable: true, isConnectedToProvisioningNetwork: false] target=com.android.internal.util.StateMachine$SmHandler }
01-25 11:33:50.455 1888-2235/system_process D/CaptivePortalTracker: NoActiveNetworkState not a wifi connectivity change, ignore
01-25 11:33:50.472 1888-1959/system_process I/am_destroy_service: [0,923930922,2490]
01-25 11:33:50.476 1888-2157/system_process I/backup_data_changed: android
01-25 11:33:50.476 1888-2157/system_process I/backup_data_changed: android
01-25 11:33:50.476 1888-2157/system_process I/backup_data_changed: android
01-25 11:33:50.476 1888-2157/system_process I/backup_data_changed: android
01-25 11:33:50.476 1888-2157/system_process I/backup_data_changed: android
01-25 11:33:50.476 1888-2157/system_process I/backup_data_changed: android
01-25 11:33:50.477 1888-2157/system_process I/backup_data_changed: android
01-25 11:33:50.477 1888-2157/system_process I/backup_data_changed: android
01-25 11:33:50.477 1888-2157/system_process I/backup_data_changed: android
01-25 11:33:50.477 1888-2157/system_process I/backup_data_changed: android
01-25 11:33:50.477 1888-2157/system_process I/backup_data_changed: android
01-25 11:33:50.477 1888-2157/system_process I/backup_data_changed: android
01-25 11:33:50.477 1888-2157/system_process I/backup_data_changed: android
01-25 11:33:50.477 1888-2157/system_process I/backup_data_changed: android
01-25 11:33:50.477 1888-2157/system_process I/backup_data_changed: android
01-25 11:33:50.477 1888-2157/system_process I/backup_data_changed: android
01-25 11:33:50.477 1888-2157/system_process I/backup_data_changed: android
01-25 11:33:50.490 1888-1959/system_process I/ActivityManager: Force stopping com.example.android.trivialdrivesample appid=10056 user=0: pkg removed
01-25 11:33:50.612 1888-1888/system_process I/AppWidgetServiceImpl: u=0: onBroadcast Intent { act=android.intent.action.PACKAGE_REMOVED dat=package:com.example.android.trivialdrivesample flg=0x4000010 (has extras) }
01-25 11:33:50.615 1888-2075/system_process I/InputReader: Reconfiguring input devices.  changes=0x00000010
01-25 11:33:50.617 1888-2475/system_process I/PackageManager: Adding preferred activity ComponentInfo{com.android.mms/com.android.mms.ui.ComposeMessageActivity} for user 0 :
01-25 11:33:50.617 1888-2475/system_process I/PackageManager:   Action: "android.intent.action.SENDTO"
01-25 11:33:50.617 1888-2475/system_process I/PackageManager:   Category: "android.intent.category.DEFAULT"
01-25 11:33:50.617 1888-2475/system_process I/PackageManager:   Scheme: "sms"
01-25 11:33:50.620 1888-1888/system_process I/notification_cancel_all: [1000,1888,com.example.android.trivialdrivesample,-1,0,0,5,NULL]
01-25 11:33:50.620 1888-1888/system_process D/NotificationListeners: onPackagesChanged queryReplace=true pkgList=[com.example.android.trivialdrivesample] mEnabledServicesPackageNames={}
01-25 11:33:50.620 1888-1888/system_process D/ConditionProviders: onPackagesChanged queryReplace=true pkgList=[com.example.android.trivialdrivesample] mEnabledServicesPackageNames={}
01-25 11:33:50.620 1888-1888/system_process D/BackupManagerService: Received broadcast Intent { act=android.intent.action.PACKAGE_REMOVED dat=package:com.example.android.trivialdrivesample flg=0x4000010 (has extras) }
01-25 11:33:50.620 1888-1888/system_process D/MRPWatcher: Received package manager broadcast: Intent { act=android.intent.action.PACKAGE_REMOVED dat=package:com.example.android.trivialdrivesample flg=0x4000010 (has extras) }
01-25 11:33:50.633 1888-2908/system_process D/GpsLocationProvider: NTP server returned: 1453739910640 (Mon Jan 25 11:38:30 EST 2016) reference: 96648 certainty: 74 system time offset: 280007
01-25 11:33:50.834 1888-1942/system_process I/art: Explicit concurrent mark sweep GC freed 16311(1347KB) AllocSpace objects, 10(289KB) LOS objects, 342% free, 8MB/16MB, paused 2.781ms total 114.749ms
01-25 11:33:51.257 1888-1888/system_process D/JobManagerService: Receieved: android.intent.action.PACKAGE_REMOVED
