01-25 11:34:06.614 3800-3800/? I/MultiDex: MultiDexExtractor.load(/system/priv-app/PrebuiltGmsCore.apk, false)
01-25 11:34:06.618 3800-3800/? I/MultiDex: loading existing secondary dex files
01-25 11:34:06.618 3800-3800/? I/MultiDex: load found 1 secondary dex files
01-25 11:34:06.619 3800-3800/? I/MultiDex: install done
01-25 11:34:06.665 941-941/? I/art: Background concurrent mark sweep GC freed 777(32KB) AllocSpace objects, 0(0B) LOS objects, 1603% free, 926KB/3MB, paused 21.967ms total 39.600ms
01-25 11:34:06.666 1888-2475/system_process I/am_proc_start: [0,3830,1000,com.android.keychain,broadcast,com.android.keychain/.KeyChainBroadcastReceiver]
01-25 11:34:06.666 1888-2475/system_process I/ActivityManager: Start proc com.android.keychain for broadcast com.android.keychain/.KeyChainBroadcastReceiver: pid=3830 uid=1000 gids={41000, 1028, 1015, 3002, 3001, 3003}
01-25 11:34:06.672 1888-1903/system_process I/am_proc_bound: [0,3830,com.android.keychain]
01-25 11:34:06.705 3830-3830/? W/ContextImpl: Calling a method in the system process without a qualified user: android.app.ContextImpl.startService:1615 android.content.ContextWrapper.startService:505 android.content.ContextWrapper.startService:505 com.android.keychain.KeyChainBroadcastReceiver.onReceive:12 android.app.ActivityThread.handleReceiver:2491
01-25 11:34:06.706 1888-2456/system_process I/am_create_service: [0,876766356,.KeyChainService,1000,3830]
01-25 11:34:06.741 1888-1904/system_process I/am_create_service: [0,425859901,.PackageBroadcastService,10007,2536]
01-25 11:34:06.762 2536-3853/com.google.android.gms D/PackageBroadcastService: Received broadcast action=android.intent.action.PACKAGE_ADDED and uri=com.example.android.trivialdrivesample
01-25 11:34:06.771 941-941/? I/art: Background concurrent mark sweep GC freed 774(32KB) AllocSpace objects, 0(0B) LOS objects, 1603% free, 926KB/3MB, paused 15.996ms total 26.150ms
01-25 11:34:06.773 1888-2720/system_process I/am_proc_start: [0,3855,10040,com.svox.pico,broadcast,com.svox.pico/.VoiceDataInstallerReceiver]
01-25 11:34:06.773 1888-2720/system_process I/ActivityManager: Start proc com.svox.pico for broadcast com.svox.pico/.VoiceDataInstallerReceiver: pid=3855 uid=10040 gids={50040, 1028, 1015}
01-25 11:34:06.782 1888-2719/system_process I/am_create_service: [0,20995890,.GamesIntentService,10007,2536]
01-25 11:34:06.783 1888-2475/system_process I/am_proc_bound: [0,3855,com.svox.pico]
01-25 11:34:06.786 1888-1903/system_process I/am_create_service: [0,940962947,.PeopleBackgroundTasks,10007,2536]
01-25 11:34:06.787 1888-2456/system_process I/am_destroy_service: [0,425859901,2536]
01-25 11:34:06.789 3855-3872/? I/art: Profiler disabled.  To enable setprop dalvik.vm.profiler 1
01-25 11:34:06.791 2536-3874/com.google.android.gms I/Icing: Storage manager: low false usage 52.14KB avail 418.96MB capacity 460.89MB
01-25 11:34:06.851 1888-2720/system_process I/ActivityManager: Delay finish: com.svox.pico/.VoiceDataInstallerReceiver
01-25 11:34:06.857 1888-2403/system_process I/am_destroy_service: [0,876766356,3830]
01-25 11:34:06.858 1888-2403/system_process I/ActivityManager: Resuming delayed broadcast
01-25 11:34:06.871 3268-3278/com.android.settings I/art: Heap transition to ProcessStateJankImperceptible took 7.604887ms saved at least 137KB
01-25 11:34:06.877 1888-2719/system_process I/am_create_service: [0,841692672,.PackageBroadcastService,10007,2536]
01-25 11:34:06.878 1888-2475/system_process I/ActivityManager: Delay finish: com.google.android.gms/.app.receiver.SystemBroadcastReceiver
01-25 11:34:06.880 2536-3888/com.google.android.gms D/PackageBroadcastService: Received broadcast action=android.intent.action.PACKAGE_REPLACED and uri=com.example.android.trivialdrivesample
01-25 11:34:06.882 1888-2423/system_process I/am_destroy_service: [0,841692672,2536]
01-25 11:34:06.882 1888-2423/system_process I/ActivityManager: Resuming delayed broadcast
01-25 11:34:06.884 3197-3197/com.google.process.gapps D/GCM: GcmService start Intent { act=com.google.android.gms.INITIALIZE flg=0x10 pkg=com.google.android.gms cmp=com.google.android.gms/.gcm.GcmService } com.google.android.gms.INITIALIZE
01-25 11:34:06.948 1888-2719/system_process I/am_create_service: [0,182070841,.InitializeIntentService,10007,2536]
01-25 11:34:06.950 1888-1903/system_process I/ActivityManager: Delay finish: com.google.android.gms/.init.InitializeGmsReceiver
01-25 11:34:06.994 1888-2131/system_process D/ConnectivityService: handleInetConditionHoldEnd: net=0, condition=100, published condition=100
01-25 11:34:06.994 1888-2131/system_process D/ConnectivityService: sendStickyBroadcast: action=android.net.conn.INET_CONDITION_ACTION
01-25 11:34:06.998 2536-3880/com.google.android.gms I/PeopleContactsSync: CP2 sync disabled
01-25 11:34:06.999 2536-3880/com.google.android.gms I/PeopleContactsSync: CP2 sync disabled
01-25 11:34:07.000 1888-2456/system_process I/am_destroy_service: [0,940962947,2536]
01-25 11:34:07.000 1888-2456/system_process I/ActivityManager: Resuming delayed broadcast
01-25 11:34:07.003 3197-3197/com.google.process.gapps D/GCM: GcmService start Intent { act=com.google.android.gms.INITIALIZE flg=0x10 pkg=com.google.android.gms cmp=com.google.android.gms/.gcm.GcmService } com.google.android.gms.INITIALIZE
01-25 11:34:07.037 3197-3197/com.google.process.gapps D/GCM: GcmService start Intent { act=com.google.android.gms.INITIALIZE flg=0x10 pkg=com.google.android.gms cmp=com.google.android.gms/.gcm.GcmService } com.google.android.gms.INITIALIZE
01-25 11:34:07.052 1888-2720/system_process I/am_destroy_service: [0,182070841,2536]
01-25 11:34:07.056 3268-3268/com.android.settings E/BluetoothAdapter: Bluetooth binder is null
01-25 11:34:07.056 1888-2719/system_process I/AppWidgetServiceImpl: u=0: updateAppWidgetIds views: android.widget.RemoteViews@12113c7e
01-25 11:34:07.060 1888-2720/system_process I/AppWidgetServiceImpl: u=0: updateAppWidgetIds views: android.widget.RemoteViews@393955df
01-25 11:34:07.062 2536-2536/com.google.android.gms I/AdsMeasurementBroadcastReceiver: Reporting settings might have changed, alerting AdsMeasurementService
01-25 11:34:07.062 2536-2536/com.google.android.gms D/AdsMeasurementBroadcastReceiver: Unauthorized to start the main service
01-25 11:34:07.107 1888-2456/system_process I/am_create_service: [0,520991276,.SmsReceiverService,10010,3502]
01-25 11:34:07.109 3197-3197/com.google.process.gapps D/GCM: GcmService start Intent { act=com.google.android.checkin.CHECKIN_COMPLETE flg=0x10 cmp=com.google.android.gms/.gcm.GcmService (has extras) } com.google.android.checkin.CHECKIN_COMPLETE
01-25 11:34:07.111 1888-2475/system_process I/am_create_service: [0,522614005,.InitializeIntentService,10007,2536]
01-25 11:34:07.112 1888-2402/system_process I/ActivityManager: Delay finish: com.google.android.gms/.init.InitializeGmsReceiver
01-25 11:34:07.112 3197-3197/com.google.process.gapps D/GCM: GcmService start Intent { act=com.google.android.gms.INITIALIZE flg=0x10 pkg=com.google.android.gms cmp=com.google.android.gms/.gcm.GcmService } com.google.android.gms.INITIALIZE
01-25 11:34:07.114 3502-3502/com.android.mms V/SmsReceiverService: onStart: #1 mResultCode: -1 = Activity.RESULT_OK
01-25 11:34:07.119 1888-2456/system_process I/am_destroy_service: [0,522614005,2536]
01-25 11:34:07.119 1888-2456/system_process I/ActivityManager: Resuming delayed broadcast
01-25 11:34:07.130 3604-3604/com.android.calendar D/AlertReceiver: onReceive: a=android.intent.action.PROVIDER_CHANGED Intent { act=android.intent.action.PROVIDER_CHANGED dat=content://com.android.calendar flg=0x10 cmp=com.android.calendar/.alerts.AlertReceiver }
01-25 11:34:07.143 3297-3311/com.google.android.gms.wearable I/art: Heap transition to ProcessStateJankImperceptible took 8.914020ms saved at least 56KB
01-25 11:34:07.145 1888-2475/system_process I/am_create_service: [0,629187210,.AlertService,10018,3604]
01-25 11:34:07.147 3604-3925/com.android.calendar D/AlertService: 0 Action = android.intent.action.PROVIDER_CHANGED
01-25 11:34:07.148 1888-2217/system_process I/ActivityManager: Delay finish: com.android.calendar/.alerts.AlertReceiver
01-25 11:34:07.150 1888-1903/system_process I/am_destroy_service: [0,520991276,3502]
01-25 11:34:07.151 1888-1903/system_process I/ActivityManager: Resuming delayed broadcast
01-25 11:34:07.189 1888-2403/system_process I/am_create_service: [0,705130747,.MonitorService,10007,2536]
01-25 11:34:07.190 1888-2423/system_process I/force_gc: Binder
01-25 11:34:07.204 1888-2720/system_process I/ActivityManager: Delay finish: com.google.android.gms/.playlog.service.MonitorAlarmReceiver
01-25 11:34:07.244 1888-2423/system_process I/art: Explicit concurrent mark sweep GC freed 11774(997KB) AllocSpace objects, 13(906KB) LOS objects, 298% free, 8MB/18MB, paused 1.531ms total 48.240ms
01-25 11:34:07.280 1888-2423/system_process I/am_create_service: [0,298983895,.PlayLogBrokerService,10007,2536]
01-25 11:34:07.285 1888-2402/system_process I/am_destroy_service: [0,705130747,2536]
01-25 11:34:07.285 1888-2402/system_process I/ActivityManager: Resuming delayed broadcast
01-25 11:34:07.369 1888-2719/system_process I/am_create_service: [0,538057412,.DownloadService,10007,2536]
01-25 11:34:07.370 1888-2456/system_process I/ActivityManager: Delay finish: com.google.android.gms/.common.download.DownloadAlarmReceiver
01-25 11:34:07.432 1888-2423/system_process W/ActivityManager: Unable to start service Intent { cmp=com.android.email/.service.AttachmentDownloadService } U=0: not found
01-25 11:34:07.434 1888-2475/system_process W/ActivityManager: Unable to start service Intent { cmp=com.android.email/.service.AttachmentDownloadService } U=0: not found
01-25 11:34:07.448 1888-2217/system_process I/ActivityManager: Delaying start of: ServiceRecord{23754dad u0 com.android.exchange/.service.EmailSyncAdapterService}
01-25 11:34:07.450 1888-1904/system_process I/am_destroy_service: [0,41941200,3737]
01-25 11:34:07.488 941-941/? I/art: Background concurrent mark sweep GC freed 775(32KB) AllocSpace objects, 0(0B) LOS objects, 1603% free, 926KB/3MB, paused 22.435ms total 35.289ms
01-25 11:34:07.489 1888-1904/system_process I/am_proc_start: [0,3952,10027,com.android.exchange,service,com.android.exchange/.service.EmailSyncAdapterService]
01-25 11:34:07.490 1888-1904/system_process I/ActivityManager: Start proc com.android.exchange for service com.android.exchange/.service.EmailSyncAdapterService: pid=3952 uid=10027 gids={50027, 3003, 1028, 1015}
01-25 11:34:07.507 2536-2536/com.google.android.gms E/Scheduler: delay is less than min delay; use larger value: delay=3900 minDelay=3600
01-25 11:34:07.545 1888-1903/system_process I/am_destroy_service: [0,1034119009,3297]
01-25 11:34:07.546 1888-2719/system_process I/am_destroy_service: [0,20995890,2536]
01-25 11:34:07.546 1888-2719/system_process I/ActivityManager: Resuming delayed broadcast
01-25 11:34:07.548 1888-2402/system_process I/am_create_service: [0,392886498,.SnetAlarmService,10007,2536]
01-25 11:34:07.550 1888-2720/system_process I/ActivityManager: Delay finish: com.google.android.gms/.security.snet.SnetBootCompletedReceiver
01-25 11:34:07.550 1888-1888/system_process I/notification_cancel: [10007,3297,com.google.android.gms,22543,NULL,0,0,64,8,NULL]
01-25 11:34:07.551 1888-2456/system_process I/ActivityManager: Killing 2511:com.android.externalstorage/u0a6 (adj 15): empty #17
01-25 11:34:07.551 1888-2456/system_process I/am_kill: [0,2511,com.android.externalstorage,15,empty #17]
01-25 11:34:07.553 1888-2475/system_process I/am_proc_died: [0,2511,com.android.externalstorage]
01-25 11:34:07.570 1888-2402/system_process I/am_destroy_service: [0,392886498,2536]
01-25 11:34:07.570 1888-2402/system_process I/ActivityManager: Resuming delayed broadcast
01-25 11:34:07.572 2536-2536/com.google.android.gms I/AdsMeasurementBroadcastReceiver: Reporting settings might have changed, alerting AdsMeasurementService
01-25 11:34:07.572 2536-2536/com.google.android.gms D/AdsMeasurementBroadcastReceiver: Unauthorized to start the main service
01-25 11:34:07.574 1888-2061/system_process I/am_create_service: [0,825033843,.SnetService,10007,2536]
01-25 11:34:07.603 1888-2475/system_process I/am_proc_bound: [0,3952,com.android.exchange]
01-25 11:34:07.604 3952-3980/? I/art: Profiler disabled.  To enable setprop dalvik.vm.profiler 1
01-25 11:34:07.605 2536-3874/com.google.android.gms I/art: WaitForGcToComplete blocked for 218.136086ms for cause Alloc
01-25 11:34:07.605 2536-3874/com.google.android.gms W/art: Verification of java.util.Set gfz.a(ggq, java.lang.String[], boolean) took 332.003002ms
01-25 11:34:07.625 1888-2475/system_process I/am_create_service: [0,594890157,.EmailSyncAdapterService,10027,3952]
01-25 11:34:07.661 3197-3197/com.google.process.gapps D/GCM: GcmService start Intent { act=com.google.android.checkin.CHECKIN_COMPLETE flg=0x10 cmp=com.google.android.gms/.gcm.GcmService (has extras) } com.google.android.checkin.CHECKIN_COMPLETE
01-25 11:34:07.683 3197-3197/com.google.process.gapps D/GCM: GcmService start Intent { act=com.google.android.gms.INITIALIZE flg=0x10 pkg=com.google.android.gms cmp=com.google.android.gms/.gcm.GcmService } com.google.android.gms.INITIALIZE
01-25 11:34:07.712 1888-2719/system_process I/am_destroy_service: [0,825033843,2536]
01-25 11:34:07.732 1888-2719/system_process I/am_create_service: [0,192421680,.InitializeIntentService,10007,2536]
01-25 11:34:07.736 2536-2536/com.google.android.gms D/SnetService: snet destroyed
01-25 11:34:07.745 1888-2402/system_process I/am_destroy_service: [0,192421680,2536]
01-25 11:34:07.767 3737-3945/com.android.email I/Email: Observing account changes for notifications
01-25 11:34:07.941 2292-2305/android.process.media I/art: Heap transition to ProcessStateJankImperceptible took 7.039981ms saved at least 488KB
01-25 11:34:07.951 3397-3410/com.android.dialer I/art: Heap transition to ProcessStateJankImperceptible took 6.786908ms saved at least 122KB
01-25 11:34:08.067 2536-3874/com.google.android.gms E/Icing: Trie header magic mismatch
01-25 11:34:08.067 2536-3874/com.google.android.gms E/Icing: Trie reading header failed
01-25 11:34:08.067 2536-3874/com.google.android.gms E/Icing: Init index failed, will replay everything
01-25 11:34:08.084 2536-3874/com.google.android.gms E/Icing: Could not mmap file for reading: Invalid argument
01-25 11:34:08.168 1888-2217/system_process I/am_destroy_service: [0,538057412,2536]
01-25 11:34:08.208 2536-3874/com.google.android.gms W/Icing: Error while loading LangUtil; unable to load Cld2DetectLanguage: undefined symbol: IcingExtCld2DetectLanguage
01-25 11:34:08.229 2536-3874/com.google.android.gms I/Icing: updateResources: need to parse gfu{com.google.android.gms}
01-25 11:34:08.300 1888-1904/system_process I/am_destroy_service: [0,594890157,3952]
01-25 11:34:08.301 1888-2423/system_process I/ActivityManager: Killing 2334:com.android.printspooler/u0a42 (adj 15): empty #17
01-25 11:34:08.301 1888-2423/system_process I/am_kill: [0,2334,com.android.printspooler,15,empty #17]
01-25 11:34:08.303 1888-2403/system_process I/am_proc_died: [0,2334,com.android.printspooler]
01-25 11:34:08.321 2536-3874/com.google.android.gms I/Icing: Internal init done: storage state 0
01-25 11:34:08.362 2536-3874/com.google.android.gms I/Icing: Post-init done
01-25 11:34:08.371 3439-3453/com.android.providers.calendar I/art: Heap transition to ProcessStateJankImperceptible took 7.710508ms saved at least 203KB
01-25 11:34:08.382 1888-2402/system_process I/am_destroy_service: [0,334573799,2536]
01-25 11:34:08.384 1888-2720/system_process I/ActivityManager: Killing 2490:com.android.defcontainer/u0a3 (adj 15): empty #17
01-25 11:34:08.384 1888-2720/system_process I/am_kill: [0,2490,com.android.defcontainer,15,empty #17]
01-25 11:34:08.385 1888-1903/system_process I/am_proc_died: [0,2490,com.android.defcontainer]
01-25 11:34:08.547 1888-1903/system_process I/am_create_service: [0,180754345,.CalendarProviderIntentService,10001,3439]
01-25 11:34:08.560 3439-4038/com.android.providers.calendar E/SQLiteLog: (284) automatic index on view_events(_id)
01-25 11:34:08.569 1888-1903/system_process I/am_destroy_service: [0,180754345,3439]
01-25 11:34:08.590 3481-3487/com.android.managedprovisioning I/art: Heap transition to ProcessStateJankImperceptible took 6.506154ms saved at least 115KB
01-25 11:34:08.762 3502-3513/com.android.mms I/art: Heap transition to ProcessStateJankImperceptible took 7.682015ms saved at least 370KB
01-25 11:34:09.793 3604-3631/com.android.calendar I/art: Heap transition to ProcessStateJankImperceptible took 38.810478ms saved at least 370KB
01-25 11:34:10.452 3684-3697/com.android.deskclock I/art: Heap transition to ProcessStateJankImperceptible took 8.461369ms saved at least 598KB
01-25 11:34:10.782 3737-3750/com.android.email I/art: Heap transition to ProcessStateJankImperceptible took 7.809353ms saved at least 496KB
01-25 11:34:11.691 3830-3843/com.android.keychain I/art: Heap transition to ProcessStateJankImperceptible took 6.583253ms saved at least 114KB
01-25 11:34:11.801 3855-3870/com.svox.pico I/art: Heap transition to ProcessStateJankImperceptible took 6.682118ms saved at least 93KB
01-25 11:34:12.154 3604-3925/com.android.calendar I/GlobalDismissManager: no sender configured
01-25 11:34:12.155 3604-3925/com.android.calendar D/AlertService: Beginning updateAlertNotification
01-25 11:34:12.157 3604-3925/com.android.calendar D/AlertService: No fired or scheduled alerts
01-25 11:34:12.158 1888-1888/system_process I/notification_cancel: [10018,3604,com.android.calendar,0,NULL,0,0,64,8,NULL]
01-25 11:34:12.159 1888-1888/system_process I/notification_cancel: [10018,3604,com.android.calendar,1,NULL,0,0,64,8,NULL]
01-25 11:34:12.159 1888-1888/system_process I/notification_cancel: [10018,3604,com.android.calendar,2,NULL,0,0,64,8,NULL]
01-25 11:34:12.160 1888-1888/system_process I/notification_cancel: [10018,3604,com.android.calendar,3,NULL,0,0,64,8,NULL]
01-25 11:34:12.160 1888-1888/system_process I/notification_cancel: [10018,3604,com.android.calendar,4,NULL,0,0,64,8,NULL]
01-25 11:34:12.160 1888-1888/system_process I/notification_cancel: [10018,3604,com.android.calendar,5,NULL,0,0,64,8,NULL]
01-25 11:34:12.161 1888-1888/system_process I/notification_cancel: [10018,3604,com.android.calendar,6,NULL,0,0,64,8,NULL]
01-25 11:34:12.161 1888-1888/system_process I/notification_cancel: [10018,3604,com.android.calendar,7,NULL,0,0,64,8,NULL]
01-25 11:34:12.162 1888-1888/system_process I/notification_cancel: [10018,3604,com.android.calendar,8,NULL,0,0,64,8,NULL]
01-25 11:34:12.162 1888-1888/system_process I/notification_cancel: [10018,3604,com.android.calendar,9,NULL,0,0,64,8,NULL]
01-25 11:34:12.162 1888-1888/system_process I/notification_cancel: [10018,3604,com.android.calendar,10,NULL,0,0,64,8,NULL]
01-25 11:34:12.163 1888-1888/system_process I/notification_cancel: [10018,3604,com.android.calendar,11,NULL,0,0,64,8,NULL]
01-25 11:34:12.164 3604-3925/com.android.calendar D/AlertService: Scheduling next alarm with AlarmScheduler. sEventReminderReceived: null
01-25 11:34:12.167 3604-3925/com.android.calendar D/AlarmScheduler: No events found starting within 1 week.
01-25 11:34:12.168 1888-2402/system_process I/am_destroy_service: [0,629187210,3604]
01-25 11:34:12.170 1888-1888/system_process I/notification_cancel: [10018,3604,com.android.calendar,12,NULL,0,0,64,8,NULL]
01-25 11:34:12.170 1888-1888/system_process I/notification_cancel: [10018,3604,com.android.calendar,13,NULL,0,0,64,8,NULL]
01-25 11:34:12.170 1888-1888/system_process I/notification_cancel: [10018,3604,com.android.calendar,14,NULL,0,0,64,8,NULL]
01-25 11:34:12.170 1888-1888/system_process I/notification_cancel: [10018,3604,com.android.calendar,15,NULL,0,0,64,8,NULL]
01-25 11:34:12.170 1888-1888/system_process I/notification_cancel: [10018,3604,com.android.calendar,16,NULL,0,0,64,8,NULL]
01-25 11:34:12.170 1888-1888/system_process I/notification_cancel: [10018,3604,com.android.calendar,17,NULL,0,0,64,8,NULL]
01-25 11:34:12.170 1888-1888/system_process I/notification_cancel: [10018,3604,com.android.calendar,18,NULL,0,0,64,8,NULL]
01-25 11:34:12.171 1888-1888/system_process I/notification_cancel: [10018,3604,com.android.calendar,19,NULL,0,0,64,8,NULL]
01-25 11:34:12.171 1888-1888/system_process I/notification_cancel: [10018,3604,com.android.calendar,20,NULL,0,0,64,8,NULL]
01-25 11:34:12.642 3952-3966/com.android.exchange I/art: Heap transition to ProcessStateJankImperceptible took 7.917486ms saved at least 154KB
01-25 11:34:13.395 1888-2720/system_process I/am_destroy_service: [0,298983895,2536]
01-25 11:34:17.834 1888-1928/system_process I/ActivityManager: Waited long enough for: ServiceRecord{2607df2f u0 com.android.music/.MediaPlaybackService}
01-25 11:34:20.574 1888-1928/system_process I/ActivityManager: Waited long enough for: ServiceRecord{20abc093 u0 com.android.calendar/.alerts.InitAlarmsService}
01-25 11:34:20.704 1888-1888/system_process I/free_storage_changed: 516505600
01-25 11:34:23.696 1888-2131/system_process D/ConnectivityService: Sampling interval elapsed, updating statistics ..
01-25 11:34:23.697 1888-2131/system_process D/ConnectivityService: Done.
01-25 11:34:23.697 1888-2131/system_process D/ConnectivityService: Setting timer for 720seconds
01-25 11:34:23.703 1888-2370/system_process D/AlarmManagerService: Setting time of day to sec=1453739943
01-25 11:39:03.727 1888-2720/system_process I/am_create_service: [0,658751790,.CheckinService,10007,2536]
01-25 11:39:03.736 3684-3684/com.android.deskclock V/AlarmClock: AlarmInitReceiver android.intent.action.TIME_SET
01-25 11:39:03.775 1888-2456/system_process I/am_destroy_service: [0,658751790,2536]
01-25 11:39:03.793 3684-3729/com.android.deskclock I/AlarmClock: Displaying next alarm time: ''
01-25 11:39:03.795 3684-3729/com.android.deskclock V/AlarmClock: AlarmInitReceiver finished
01-25 11:39:03.808 3197-3197/com.google.process.gapps D/GCM: GcmService start Intent { act=com.google.android.checkin.CHECKIN_COMPLETE flg=0x10 cmp=com.google.android.gms/.gcm.GcmService (has extras) } com.google.android.checkin.CHECKIN_COMPLETE
01-25 11:39:08.739 1888-1904/system_process I/am_create_service: [0,877229263,.CalendarProviderIntentService,10001,3439]
01-25 11:39:08.749 1888-1904/system_process I/am_destroy_service: [0,877229263,3439]
01-25 11:39:15.580 3604-3716/com.android.calendar D/InitAlarmsService: Clearing and rescheduling alarms.
01-25 11:39:15.592 1888-2402/system_process I/am_destroy_service: [0,548126867,3604]
01-25 11:39:15.594 1888-2719/system_process I/ActivityManager: Killing 2998:com.example.android.trivialdrivesample/u0a56 (adj 15): empty #17
01-25 11:39:15.594 1888-2719/system_process I/am_kill: [0,2998,com.example.android.trivialdrivesample,15,empty #17]
01-25 11:39:15.595 1888-1903/system_process I/am_proc_died: [0,2998,com.example.android.trivialdrivesample]
01-25 11:39:15.611 935-935/? I/sf_frame_dur: [Application Error: com.example.android.trivialdrivesample,2,1,2,1,0,1,0]
01-25 11:39:20.612 1888-2720/system_process I/am_create_service: [0,1061127525,.CalendarProviderIntentService,10001,3439]
01-25 11:39:20.620 1888-1904/system_process I/am_destroy_service: [0,1061127525,3439]
01-25 11:39:43.061 1888-2719/system_process I/am_destroy_service: [0,638050095,3360]
01-25 11:39:43.062 1888-2720/system_process I/MediaFocusControl:  AudioFocus  abandonAudioFocus() from android.media.AudioManager@45d9f81com.android.music.MediaPlaybackService$3@13c6826
01-25 11:39:43.062 3360-3360/? D/MediaSessionHelper: Attempting to get helper with context android.app.ContextImpl@2ffe0413
01-25 11:39:43.063 3360-3360/? D/MediaSessionHelper: Removed rcc listener for PendingIntent{1de1fd4e: android.os.BinderProxy@e17b650}.
01-25 11:39:43.064 1888-2217/system_process I/ActivityManager: Killing 3360:com.android.music/u0a35 (adj 15): empty #17
01-25 11:39:43.064 1888-2217/system_process I/am_kill: [0,3360,com.android.music,15,empty #17]
01-25 11:39:43.068 1888-2475/system_process I/am_proc_died: [0,3360,com.android.music]
01-25 11:39:43.068 1888-2475/system_process W/MediaFocusControl:   RemoteControlClient died
